
                         MODELLER 10.7, 2025/05/28, r13093

     PROTEIN STRUCTURE MODELLING BY SATISFACTION OF SPATIAL RESTRAINTS


                     Copyright(c) 1989-2025 Andrej Sali
                            All Rights Reserved

                             Written by A. Sali
                               with help from
              B. Webb, M.S. Madhusudhan, M-Y. Shen, G.Q. Dong,
          M.A. Marti-Renom, N. Eswar, F. Alber, M. Topf, B. Oliva,
             A. Fiser, R. Sanchez, B. Yerkovich, A. Badretdinov,
                     F. Melo, J.P. Overington, E. Feyfant
                 University of California, San Francisco, USA
                    Rockefeller University, New York, USA
                      Harvard University, Cambridge, USA
                   Imperial Cancer Research Fund, London, UK
              Birkbeck College, University of London, London, UK


Kind, OS, HostName, Kernel, Processor: 4, Linux IBAB-MSc14-Comp011.ibab.ac.in 6.14.0-29-generic x86_64
Date and time of compilation         : 2025/05/28 18:56:47
MODELLER executable type             : x86_64-intel8
Job starting time (YY/MM/DD HH:MM:SS): 2025/10/14 20:04:16

environ____W> The class 'environ' is deprecated; use 'Environ' instead
automodel__W> The class 'automodel' is deprecated; use 'AutoModel' instead

check_ali___> Checking the sequence-structure alignment. 

Implied intrachain target CA(i)-CA(i+1) distances longer than  8.0 angstroms:

ALN_POS  TMPL  RID1  RID2  NAM1  NAM2     DIST
----------------------------------------------
END OF TABLE
read_to_681_> topology.submodel read from topology file:        3
patch_s_522_> Number of disulfides patched in MODEL:        5
mdtrsr__446W> A potential that relies on one protein is used, yet you have at
              least one known structure available. MDT, not library, potential is used.
0 atoms in HETATM/BLK residues constrained
to protein atoms within 2.30 angstroms
and protein CA atoms within 10.00 angstroms
0 atoms in residues without defined topology
constrained to be rigid bodies
condens_443_> Restraints marked for deletion were removed.
              Total number of restraints before, now:    86305    80863
iupac_m_397W> Atoms were not swapped because of the uncertainty of how to handle the H atom.
iupac_m_397W> Atoms were not swapped because of the uncertainty of how to handle the H atom.
iupac_m_397W> Atoms were not swapped because of the uncertainty of how to handle the H atom.
iupac_m_397W> Atoms were not swapped because of the uncertainty of how to handle the H atom.
iupac_m_397W> Atoms were not swapped because of the uncertainty of how to handle the H atom.
iupac_m_397W> Atoms were not swapped because of the uncertainty of how to handle the H atom.
iupac_m_397W> Atoms were not swapped because of the uncertainty of how to handle the H atom.
iupac_m_397W> Atoms were not swapped because of the uncertainty of how to handle the H atom.
iupac_m_397W> Atoms were not swapped because of the uncertainty of how to handle the H atom.
iupac_m_484W> Dihedral still outside +-90:      -91.0809
iupac_m_397W> Atoms were not swapped because of the uncertainty of how to handle the H atom.
iupac_m_397W> Atoms were not swapped because of the uncertainty of how to handle the H atom.
iupac_m_397W> Atoms were not swapped because of the uncertainty of how to handle the H atom.
iupac_m_397W> Atoms were not swapped because of the uncertainty of how to handle the H atom.
iupac_m_397W> Atoms were not swapped because of the uncertainty of how to handle the H atom.
iupac_m_397W> Atoms were not swapped because of the uncertainty of how to handle the H atom.
iupac_m_397W> Atoms were not swapped because of the uncertainty of how to handle the H atom.
iupac_m_397W> Atoms were not swapped because of the uncertainty of how to handle the H atom.
>> Model assessment by DOPE potential
iatmcls_286W> MODEL atom not classified:  LEU:OXT  LEU


>> ENERGY; Differences between the model's features and restraints:
Number of all residues in MODEL                   :      765
Number of all, selected real atoms                :     6231    6231
Number of all, selected pseudo atoms              :        0       0
Number of all static, selected restraints         :    80863   80863
COVALENT_CYS                                      :        F
NONBONDED_SEL_ATOMS                               :        1
Number of non-bonded pairs (excluding 1-2,1-3,1-4):  1328516
Dynamic pairs routine                             : 1, NATM x NATM double loop
Atomic shift for contacts update (UPDATE_DYNAMIC) :    0.390
LENNARD_JONES_SWITCH                              :    6.500   7.500
COULOMB_JONES_SWITCH                              :    6.500   7.500
RESIDUE_SPAN_RANGE                                :        1    9999
NLOGN_USE                                         :       15
CONTACT_SHELL                                     :   15.000
DYNAMIC_PAIRS,_SPHERE,_COULOMB,_LENNARD,_MODELLER :        T       F       F       F       T
SPHERE_STDV                                       :    0.050
RADII_FACTOR                                      :    0.820
Current energy                                    :      -91366.7812




<< end of ENERGY.
DOPE score               : -91366.781250
>> Model assessment by GA341 potential

Surface library          : /usr/lib/modeller10.7/modlib/surf5.de
Pair library             : /usr/lib/modeller10.7/modlib/pair9.de
Chain identifier         : _
% sequence identity      :   100.000000
Sequence length          :          765
Compactness              :     0.062546
Native energy (pair)     :  -315.219507
Native energy (surface)  :   -28.072196
Native energy (combined) :    -8.256287
Z score (pair)           :   -11.750857
Z score (surface)        :    -9.252755
Z score (combined)       :   -14.645148
GA341 score              :     1.000000



>> ENERGY; Differences between the model's features and restraints:
Number of all residues in MODEL                   :      765
Number of all, selected real atoms                :     6231    6231
Number of all, selected pseudo atoms              :        0       0
Number of all static, selected restraints         :    80863   80863
COVALENT_CYS                                      :        F
NONBONDED_SEL_ATOMS                               :        1
Number of non-bonded pairs (excluding 1-2,1-3,1-4):    13134
Dynamic pairs routine                             : 2, NATM x NATM cell sorting
Atomic shift for contacts update (UPDATE_DYNAMIC) :    0.390
LENNARD_JONES_SWITCH                              :    6.500   7.500
COULOMB_JONES_SWITCH                              :    6.500   7.500
RESIDUE_SPAN_RANGE                                :        0   99999
NLOGN_USE                                         :       15
CONTACT_SHELL                                     :    4.000
DYNAMIC_PAIRS,_SPHERE,_COULOMB,_LENNARD,_MODELLER :        T       T       F       F       F
SPHERE_STDV                                       :    0.050
RADII_FACTOR                                      :    0.820
Current energy                                    :        4735.5742





Summary of the restraint violations: 

   NUM     ... number of restraints.
   NUMVI   ... number of restraints with RVIOL > VIOL_REPORT_CUT[i].
   RVIOL   ... relative difference from the best value.
   NUMVP   ... number of restraints with -Ln(pdf) > VIOL_REPORT_CUT2[i].
   RMS_1   ... RMS(feature, minimally_violated_basis_restraint, NUMB).
   RMS_2   ... RMS(feature, best_value, NUMB).
   MOL.PDF ... scaled contribution to -Ln(Molecular pdf).

 #                     RESTRAINT_GROUP      NUM   NUMVI  NUMVP   RMS_1   RMS_2         MOL.PDF     S_i
------------------------------------------------------------------------------------------------------
 1 Bond length potential              :    6406       0      0   0.005   0.005      47.702       1.000
 2 Bond angle potential               :    8717       0     23   1.895   1.895      621.88       1.000
 3 Stereochemical cosine torsion poten:    4447       0    157  47.785  47.785      1598.9       1.000
 4 Stereochemical improper torsion pot:    2848       0      1   1.165   1.165      93.094       1.000
 5 Soft-sphere overlap restraints     :   13134       0      0   0.001   0.001      2.9549       1.000
 6 Lennard-Jones 6-12 potential       :       0       0      0   0.000   0.000      0.0000       1.000
 7 Coulomb point-point electrostatic p:       0       0      0   0.000   0.000      0.0000       1.000
 8 H-bonding potential                :       0       0      0   0.000   0.000      0.0000       1.000
 9 Distance restraints 1 (CA-CA)      :   16227       0      0   0.085   0.085      150.81       1.000
10 Distance restraints 2 (N-O)        :   15949       3      7   0.153   0.153      391.72       1.000
11 Mainchain Phi dihedral restraints  :       0       0      0   0.000   0.000      0.0000       1.000
12 Mainchain Psi dihedral restraints  :       0       0      0   0.000   0.000      0.0000       1.000
13 Mainchain Omega dihedral restraints:     764       0      3   3.860   3.860      133.38       1.000
14 Sidechain Chi_1 dihedral restraints:     682       0      2  46.458  46.458      22.988       1.000
15 Sidechain Chi_2 dihedral restraints:     507       0      2  59.767  59.767      118.03       1.000
16 Sidechain Chi_3 dihedral restraints:     183       0      1  70.105  70.105      120.04       1.000
17 Sidechain Chi_4 dihedral restraints:      70       0      0  92.660  92.660      45.931       1.000
18 Disulfide distance restraints      :       5       0      0   0.005   0.005     0.24217E-01   1.000
19 Disulfide angle restraints         :      10       0      0   1.749   1.749     0.67561       1.000
20 Disulfide dihedral angle restraints:       5       0      0  34.551  34.551      5.4026       1.000
21 Lower bound distance restraints    :       0       0      0   0.000   0.000      0.0000       1.000
22 Upper bound distance restraints    :       0       0      0   0.000   0.000      0.0000       1.000
23 Distance restraints 3 (SDCH-MNCH)  :   13718       0      0   0.363   0.363      345.76       1.000
24 Sidechain Chi_5 dihedral restraints:       0       0      0   0.000   0.000      0.0000       1.000
25 Phi/Psi pair of dihedral restraints:     763      44     77  26.557  44.257      448.24       1.000
26 Distance restraints 4 (SDCH-SDCH)  :    9562       0      4   0.653   0.653      588.01       1.000
27 Distance restraints 5 (X-Y)        :       0       0      0   0.000   0.000      0.0000       1.000
28 NMR distance restraints 6 (X-Y)    :       0       0      0   0.000   0.000      0.0000       1.000
29 NMR distance restraints 7 (X-Y)    :       0       0      0   0.000   0.000      0.0000       1.000
30 Minimal distance restraints        :       0       0      0   0.000   0.000      0.0000       1.000
31 Non-bonded restraints              :       0       0      0   0.000   0.000      0.0000       1.000
32 Atomic accessibility restraints    :       0       0      0   0.000   0.000      0.0000       1.000
33 Atomic density restraints          :       0       0      0   0.000   0.000      0.0000       1.000
34 Absolute position restraints       :       0       0      0   0.000   0.000      0.0000       1.000
35 Dihedral angle difference restraint:       0       0      0   0.000   0.000      0.0000       1.000
36 GBSA implicit solvent potential    :       0       0      0   0.000   0.000      0.0000       1.000
37 EM density fitting potential       :       0       0      0   0.000   0.000      0.0000       1.000
38 SAXS restraints                    :       0       0      0   0.000   0.000      0.0000       1.000
39 Symmetry restraints                :       0       0      0   0.000   0.000      0.0000       1.000



# Heavy relative violation of each residue is written to: dpp4.V99990001
# The profile is NOT normalized by the number of restraints.
# The profiles are smoothed over a window of residues:    1
# The sum of all numbers in the file:   67762.4141



List of the violated restraints:
   A restraint is violated when the relative difference
   from the best value (RVIOL) is larger than CUTOFF.

   ICSR   ... index of a restraint in the current set.
   RESNO  ... residue numbers of the first two atoms.
   ATM    ... IUPAC atom names of the first two atoms.
   FEAT   ... the value of the feature in the model.
   restr  ... the mean of the basis restraint with the smallest
              difference from the model (local minimum).
   viol   ... difference from the local minimum.
   rviol  ... relative difference from the local minimum.
   RESTR  ... the best value (global minimum).
   VIOL   ... difference from the best value.
   RVIOL  ... relative difference from the best value.


-------------------------------------------------------------------------------------------------

Feature 25                           : Phi/Psi pair of dihedral restraints     
List of the RVIOL violations larger than   :       6.5000

    #   ICSR  RESNO1/2 ATM1/2   INDATM1/2    FEAT   restr    viol   rviol   RESTR    VIOL   RVIOL
    1  22439   1M   2K C   N       7    9  -68.28  -70.20    3.80    0.31  -62.90  175.61   23.10
    1          2K   2K N   CA      9   10  143.68  140.40                  -40.80
    2  22440   2K   3T C   N      16   18  -83.45  -78.10    5.39    0.31  -63.20  168.63   22.97
    2          3T   3T N   CA     18   19  150.49  149.80                  -42.10
    3  22442   4P   5W C   N      30   32  -92.31  -71.30   44.43    3.78  -63.00  147.00   16.88
    3          5W   5W N   CA     32   33   99.85  139.00                  -44.20
    4  22443   5W   6K C   N      44   46 -158.65 -118.00   49.71    1.67  -62.90  179.20   28.96
    4          6K   6K N   CA     46   47  167.72  139.10                  -40.80
    5  22445   7V   8L C   N      60   62  -94.60 -108.50   14.05    0.65  -63.50  174.44   22.63
    5          8L   8L N   CA     62   63  130.44  132.50                  -41.20
    6  22446   8L   9L C   N      68   70 -118.92 -108.50   20.20    0.96  -63.50  177.84   28.12
    6          9L   9L N   CA     70   71  149.81  132.50                  -41.20
    7  22447   9L  10G C   N      76   78 -163.88 -167.20   16.34    0.59   82.20 -171.57   13.98
    7         10G  10G N   CA     78   79  158.60  174.60                    8.50
    8  22448  10G  11L C   N      80   82 -110.80 -108.50    6.65    0.38  -63.50  174.01   21.94
    8         11L  11L N   CA     82   83  126.26  132.50                  -41.20
    9  22449  11L  12L C   N      88   90 -122.68 -108.50   14.60    0.66  -63.50 -173.17   23.30
    9         12L  12L N   CA     90   91  136.00  132.50                  -41.20
   10  22450  12L  13G C   N      96   98  179.09 -167.20   15.95    0.52   82.20 -174.71   13.27
   10         13G  13G N   CA     98   99  166.44  174.60                    8.50
   11  22451  13G  14A C   N     100  102 -145.39 -134.00   16.40    0.50  -62.50 -179.53   34.01
   11         14A  14A N   CA    102  103  158.80  147.00                  -40.90
   12  22452  14A  15A C   N     105  107 -133.89 -134.00   12.09    0.69  -62.50  175.22   32.54
   12         15A  15A N   CA    107  108  159.08  147.00                  -40.90
   13  22453  15A  16A C   N     110  112 -126.37 -134.00    9.39    0.52  -62.50  178.44   32.66
   13         16A  16A N   CA    112  113  152.49  147.00                  -40.90
   14  22454  16A  17L C   N     115  117  -88.00  -70.70   25.76    1.63  -63.50  160.00   23.69
   14         17L  17L N   CA    117  118  160.68  141.60                  -41.20
   15  22456  18V  19T C   N     130  132 -133.94 -124.80   17.24    0.54  -63.20  174.74   27.04
   15         19T  19T N   CA    132  133  158.11  143.50                  -42.10
   16  22459  21I  22T C   N     153  155 -118.45 -124.80    8.77    0.29  -63.20 -172.14   20.94
   16         22T  22T N   CA    155  156  137.45  143.50                  -42.10
   17  22464  26V  27L C   N     188  190  -90.27 -108.50   54.06    2.70  -63.50  125.69   16.12
   17         27L  27L N   CA    190  191   81.60  132.50                  -41.20
   18  22465  27L  28L C   N     196  198 -137.99 -108.50   30.09    1.37  -63.50 -165.47   23.98
   18         28L  28L N   CA    198  199  138.50  132.50                  -41.20
   19  22466  28L  29N C   N     204  206 -110.54 -119.90    9.98    0.33  -63.20 -179.06   20.38
   19         29N  29N N   CA    206  207  133.53  137.00                  -41.10
   20  22467  29N  30K C   N     212  214 -120.73 -118.00    2.91    0.13  -62.90 -171.97   21.98
   20         30K  30K N   CA    214  215  138.11  139.10                  -40.80
   21  22468  30K  31G C   N     221  223 -167.79 -167.20   27.54    1.09   82.20  176.92   13.21
   21         31G  31G N   CA    223  224  147.06  174.60                    8.50
   22  22469  31G  32T C   N     225  227 -140.91 -124.80   26.08    0.81  -63.20  172.40   27.15
   22         32T  32T N   CA    227  228  164.01  143.50                  -42.10
   23  22470  32T  33D C   N     232  234  -77.58  -96.50   22.04    0.91  -63.30  143.60   16.91
   23         33D  33D N   CA    234  235  102.89  114.20                  -40.00
   24  22471  33D  34D C   N     240  242  -92.98  -96.50   11.32    0.48  -63.30  146.48   16.50
   24         34D  34D N   CA    242  243  103.44  114.20                  -40.00
   25  22472  34D  35A C   N     248  250 -158.35 -134.00   24.42    0.88  -62.50 -161.41   37.67
   25         35A  35A N   CA    250  251  145.17  147.00                  -40.90
   26  22473  35A  36T C   N     253  255 -119.77 -124.80   32.69    1.26  -63.20  163.40   17.87
   26         36T  36T N   CA    255  256  111.20  143.50                  -42.10
   27  22474  36T  37A C   N     260  262  179.39 -134.00   52.03    1.18  -62.50 -169.89   37.32
   27         37A  37A N   CA    262  263  170.13  147.00                  -40.90
   28  22475  37A  38D C   N     265  267  -62.02  -96.50   34.49    1.41  -63.30  155.11   19.22
   28         38D  38D N   CA    267  268  115.10  114.20                  -40.00
   29  22510  72Q  73E C   N     582  584  -88.37  -63.60   38.93    6.50  -63.60   38.93    6.50
   29         73E  73E N   CA    584  585  -70.33  -40.30                  -40.30
   30  22511  73E  74N C   N     591  593 -149.15  -63.20   88.30   12.34  -63.20   88.30   12.34
   30         74N  74N N   CA    593  594  -20.87  -41.10                  -41.10
   31  22650 212S 213A C   N    1765 1767  -90.65  -62.50   47.00    7.10  -62.50   47.00    7.10
   31        213A 213A N   CA   1767 1768   -3.26  -40.90                  -40.90
   32  22679 241Y 242S C   N    2011 2013   74.12  -72.40  151.91   11.79  -64.10 -168.55   15.78
   32        242S 242S N   CA   2013 2014 -167.47  152.40                  -35.00
   33  22757 319I 320Q C   N    2623 2625  -61.84  -63.80   46.23    6.90  -63.80   46.23    6.90
   33        320Q 320Q N   CA   2625 2626    5.89  -40.30                  -40.30
   34  22857 419S 420N C   N    3450 3452 -120.94 -119.90   95.88    4.38  -63.20  100.47   10.84
   34        420N 420N N   CA   3452 3453   41.13  137.00                  -41.10
   35  22984 546V 547Y C   N    4487 4489  -96.57  -63.50   37.70    7.11  -63.50   37.70    7.11
   35        547Y 547Y N   CA   4489 4490  -61.50  -43.40                  -43.40
   36  23023 585Y 586Q C   N    4785 4787 -103.57  -63.80   48.81    6.63  -63.80   48.81    6.63
   36        586Q 586Q N   CA   4787 4788  -12.02  -40.30                  -40.30
   37  23034 596R 597R C   N    4873 4875  -95.81  -63.00   61.22    6.93  -63.00   61.22    6.93
   37        597R 597R N   CA   4875 4876   10.59  -41.10                  -41.10
   38  23037 599G 600T C   N    4896 4898  -89.57  -63.20   49.54    8.03  -63.20   49.54    8.03
   38        600T 600T N   CA   4898 4899  -84.04  -42.10                  -42.10
   39  23067 629W 630S C   N    5148 5150   67.26  -64.10  158.85   15.00  -64.10  158.85   15.00
   39        630S 630S N   CA   5150 5151 -124.31  -35.00                  -35.00
   40  23081 643G 644S C   N    5243 5245  -79.73 -136.60   70.18    2.15  -64.10  145.91    9.75
   40        644S 644S N   CA   5245 5246  110.07  151.20                  -35.00
   41  23082 644S 645G C   N    5249 5251  -56.78  -62.40   40.33    6.31   82.20  139.32    9.69
   41        645G 645G N   CA   5251 5252   -1.26  -41.20                    8.50
   42  23116 678D 679N C   N    5523 5525 -156.89 -119.90  105.95    5.51  -63.20  122.43   14.06
   42        679N 679N N   CA   5525 5526   37.72  137.00                  -41.10
   43  23123 685N 686S C   N    5588 5590 -109.59 -136.60   94.62    4.16  -64.10  105.80    6.68
   43        686S 686S N   CA   5590 5591   60.52  151.20                  -35.00
   44  23179 741G 742I C   N    6034 6036   34.60  -63.40  139.03   26.05 -120.60  172.49    9.10
   44        742I 742I N   CA   6036 6037   55.02  -43.60                  130.30


report______> Distribution of short non-bonded contacts:


DISTANCE1:  0.00 2.10 2.20 2.30 2.40 2.50 2.60 2.70 2.80 2.90 3.00 3.10 3.20 3.30 3.40
DISTANCE2:  2.10 2.20 2.30 2.40 2.50 2.60 2.70 2.80 2.90 3.00 3.10 3.20 3.30 3.40 3.50
FREQUENCY:     0    0    0    0    0   27   99  268  315  446  509  644  795  906 1059


<< end of ENERGY.
iupac_m_397W> Atoms were not swapped because of the uncertainty of how to handle the H atom.
iupac_m_397W> Atoms were not swapped because of the uncertainty of how to handle the H atom.
iupac_m_397W> Atoms were not swapped because of the uncertainty of how to handle the H atom.
iupac_m_397W> Atoms were not swapped because of the uncertainty of how to handle the H atom.
iupac_m_397W> Atoms were not swapped because of the uncertainty of how to handle the H atom.
iupac_m_397W> Atoms were not swapped because of the uncertainty of how to handle the H atom.
iupac_m_397W> Atoms were not swapped because of the uncertainty of how to handle the H atom.
iupac_m_397W> Atoms were not swapped because of the uncertainty of how to handle the H atom.
iupac_m_397W> Atoms were not swapped because of the uncertainty of how to handle the H atom.
iupac_m_397W> Atoms were not swapped because of the uncertainty of how to handle the H atom.
iupac_m_397W> Atoms were not swapped because of the uncertainty of how to handle the H atom.
iupac_m_397W> Atoms were not swapped because of the uncertainty of how to handle the H atom.
iupac_m_397W> Atoms were not swapped because of the uncertainty of how to handle the H atom.
iupac_m_397W> Atoms were not swapped because of the uncertainty of how to handle the H atom.
>> Model assessment by DOPE potential
iatmcls_286W> MODEL atom not classified:  LEU:OXT  LEU


>> ENERGY; Differences between the model's features and restraints:
Number of all residues in MODEL                   :      765
Number of all, selected real atoms                :     6231    6231
Number of all, selected pseudo atoms              :        0       0
Number of all static, selected restraints         :    80863   80863
COVALENT_CYS                                      :        F
NONBONDED_SEL_ATOMS                               :        1
Number of non-bonded pairs (excluding 1-2,1-3,1-4):  1330734
Dynamic pairs routine                             : 1, NATM x NATM double loop
Atomic shift for contacts update (UPDATE_DYNAMIC) :    0.390
LENNARD_JONES_SWITCH                              :    6.500   7.500
COULOMB_JONES_SWITCH                              :    6.500   7.500
RESIDUE_SPAN_RANGE                                :        1    9999
NLOGN_USE                                         :       15
CONTACT_SHELL                                     :   15.000
DYNAMIC_PAIRS,_SPHERE,_COULOMB,_LENNARD,_MODELLER :        T       F       F       F       T
SPHERE_STDV                                       :    0.050
RADII_FACTOR                                      :    0.820
Current energy                                    :      -91194.8359




<< end of ENERGY.
DOPE score               : -91194.835938
>> Model assessment by GA341 potential

Surface library          : /usr/lib/modeller10.7/modlib/surf5.de
Pair library             : /usr/lib/modeller10.7/modlib/pair9.de
Chain identifier         : _
% sequence identity      :   100.000000
Sequence length          :          765
Compactness              :     0.051359
Native energy (pair)     :  -309.586948
Native energy (surface)  :   -24.504388
Native energy (combined) :    -8.474192
Z score (pair)           :   -13.679632
Z score (surface)        :    -8.961858
Z score (combined)       :   -14.513157
GA341 score              :     1.000000



>> ENERGY; Differences between the model's features and restraints:
Number of all residues in MODEL                   :      765
Number of all, selected real atoms                :     6231    6231
Number of all, selected pseudo atoms              :        0       0
Number of all static, selected restraints         :    80863   80863
COVALENT_CYS                                      :        F
NONBONDED_SEL_ATOMS                               :        1
Number of non-bonded pairs (excluding 1-2,1-3,1-4):    13294
Dynamic pairs routine                             : 2, NATM x NATM cell sorting
Atomic shift for contacts update (UPDATE_DYNAMIC) :    0.390
LENNARD_JONES_SWITCH                              :    6.500   7.500
COULOMB_JONES_SWITCH                              :    6.500   7.500
RESIDUE_SPAN_RANGE                                :        0   99999
NLOGN_USE                                         :       15
CONTACT_SHELL                                     :    4.000
DYNAMIC_PAIRS,_SPHERE,_COULOMB,_LENNARD,_MODELLER :        T       T       F       F       F
SPHERE_STDV                                       :    0.050
RADII_FACTOR                                      :    0.820
Current energy                                    :        4878.9434





Summary of the restraint violations: 

   NUM     ... number of restraints.
   NUMVI   ... number of restraints with RVIOL > VIOL_REPORT_CUT[i].
   RVIOL   ... relative difference from the best value.
   NUMVP   ... number of restraints with -Ln(pdf) > VIOL_REPORT_CUT2[i].
   RMS_1   ... RMS(feature, minimally_violated_basis_restraint, NUMB).
   RMS_2   ... RMS(feature, best_value, NUMB).
   MOL.PDF ... scaled contribution to -Ln(Molecular pdf).

 #                     RESTRAINT_GROUP      NUM   NUMVI  NUMVP   RMS_1   RMS_2         MOL.PDF     S_i
------------------------------------------------------------------------------------------------------
 1 Bond length potential              :    6406       0      0   0.005   0.005      49.152       1.000
 2 Bond angle potential               :    8717       0     22   1.903   1.903      627.37       1.000
 3 Stereochemical cosine torsion poten:    4447       0    157  47.870  47.870      1595.8       1.000
 4 Stereochemical improper torsion pot:    2848       0      1   1.185   1.185      95.946       1.000
 5 Soft-sphere overlap restraints     :   13294       0      0   0.002   0.002      4.1546       1.000
 6 Lennard-Jones 6-12 potential       :       0       0      0   0.000   0.000      0.0000       1.000
 7 Coulomb point-point electrostatic p:       0       0      0   0.000   0.000      0.0000       1.000
 8 H-bonding potential                :       0       0      0   0.000   0.000      0.0000       1.000
 9 Distance restraints 1 (CA-CA)      :   16227       0      0   0.086   0.086      149.07       1.000
10 Distance restraints 2 (N-O)        :   15949       2     21   0.168   0.168      473.27       1.000
11 Mainchain Phi dihedral restraints  :       0       0      0   0.000   0.000      0.0000       1.000
12 Mainchain Psi dihedral restraints  :       0       0      0   0.000   0.000      0.0000       1.000
13 Mainchain Omega dihedral restraints:     764       0      2   3.862   3.862      133.55       1.000
14 Sidechain Chi_1 dihedral restraints:     682       0      3  48.072  48.072      24.588       1.000
15 Sidechain Chi_2 dihedral restraints:     507       0      2  62.632  62.632      120.92       1.000
16 Sidechain Chi_3 dihedral restraints:     183       0      0  67.079  67.079      110.09       1.000
17 Sidechain Chi_4 dihedral restraints:      70       0      0  92.616  92.616      46.173       1.000
18 Disulfide distance restraints      :       5       0      0   0.005   0.005     0.24254E-01   1.000
19 Disulfide angle restraints         :      10       0      0   1.917   1.917     0.81177       1.000
20 Disulfide dihedral angle restraints:       5       0      0  33.872  33.872      5.3060       1.000
21 Lower bound distance restraints    :       0       0      0   0.000   0.000      0.0000       1.000
22 Upper bound distance restraints    :       0       0      0   0.000   0.000      0.0000       1.000
23 Distance restraints 3 (SDCH-MNCH)  :   13718       0      0   0.381   0.381      376.68       1.000
24 Sidechain Chi_5 dihedral restraints:       0       0      0   0.000   0.000      0.0000       1.000
25 Phi/Psi pair of dihedral restraints:     763      48     87  28.887  44.656      528.56       1.000
26 Distance restraints 4 (SDCH-SDCH)  :    9562       0      0   0.626   0.626      537.45       1.000
27 Distance restraints 5 (X-Y)        :       0       0      0   0.000   0.000      0.0000       1.000
28 NMR distance restraints 6 (X-Y)    :       0       0      0   0.000   0.000      0.0000       1.000
29 NMR distance restraints 7 (X-Y)    :       0       0      0   0.000   0.000      0.0000       1.000
30 Minimal distance restraints        :       0       0      0   0.000   0.000      0.0000       1.000
31 Non-bonded restraints              :       0       0      0   0.000   0.000      0.0000       1.000
32 Atomic accessibility restraints    :       0       0      0   0.000   0.000      0.0000       1.000
33 Atomic density restraints          :       0       0      0   0.000   0.000      0.0000       1.000
34 Absolute position restraints       :       0       0      0   0.000   0.000      0.0000       1.000
35 Dihedral angle difference restraint:       0       0      0   0.000   0.000      0.0000       1.000
36 GBSA implicit solvent potential    :       0       0      0   0.000   0.000      0.0000       1.000
37 EM density fitting potential       :       0       0      0   0.000   0.000      0.0000       1.000
38 SAXS restraints                    :       0       0      0   0.000   0.000      0.0000       1.000
39 Symmetry restraints                :       0       0      0   0.000   0.000      0.0000       1.000



# Heavy relative violation of each residue is written to: dpp4.V99990002
# The profile is NOT normalized by the number of restraints.
# The profiles are smoothed over a window of residues:    1
# The sum of all numbers in the file:   68066.3984



List of the violated restraints:
   A restraint is violated when the relative difference
   from the best value (RVIOL) is larger than CUTOFF.

   ICSR   ... index of a restraint in the current set.
   RESNO  ... residue numbers of the first two atoms.
   ATM    ... IUPAC atom names of the first two atoms.
   FEAT   ... the value of the feature in the model.
   restr  ... the mean of the basis restraint with the smallest
              difference from the model (local minimum).
   viol   ... difference from the local minimum.
   rviol  ... relative difference from the local minimum.
   RESTR  ... the best value (global minimum).
   VIOL   ... difference from the best value.
   RVIOL  ... relative difference from the best value.


-------------------------------------------------------------------------------------------------

Feature 25                           : Phi/Psi pair of dihedral restraints     
List of the RVIOL violations larger than   :       6.5000

    #   ICSR  RESNO1/2 ATM1/2   INDATM1/2    FEAT   restr    viol   rviol   RESTR    VIOL   RVIOL
    1  22440   2K   3T C   N      16   18 -118.91 -124.80   22.32    1.13  -63.20  162.71   24.55
    1          3T   3T N   CA     18   19  165.02  143.50                  -42.10
    2  22442   4P   5W C   N      30   32  -59.36  -71.30   13.83    0.82  -63.00  176.26   22.26
    2          5W   5W N   CA     32   33  132.02  139.00                  -44.20
    3  22443   5W   6K C   N      44   46 -102.79 -118.00   15.86    0.54  -62.90  179.90   21.51
    3          6K   6K N   CA     46   47  134.62  139.10                  -40.80
    4  22445   7V   8L C   N      60   62  -99.52 -108.50   89.96    4.76  -63.50   91.58   11.27
    4          8L   8L N   CA     62   63   42.99  132.50                  -41.20
    5  22446   8L   9L C   N      68   70 -127.72 -108.50   19.24    0.90  -63.50 -173.83   23.09
    5          9L   9L N   CA     70   71  133.54  132.50                  -41.20
    6  22447   9L  10G C   N      76   78  122.03   78.70   43.35    2.22   82.20  177.82    6.64
    6         10G  10G N   CA     78   79 -164.80 -166.10                    8.50
    7  22448  10G  11L C   N      80   82  -69.80  -70.70    4.13    0.35  -63.50  173.28   24.43
    7         11L  11L N   CA     82   83  145.63  141.60                  -41.20
    8  22449  11L  12L C   N      88   90  -68.50  -70.70    2.58    0.26  -63.50  175.92   24.72
    8         12L  12L N   CA     90   91  142.95  141.60                  -41.20
    9  22450  12L  13G C   N      96   98 -116.83  -80.20   56.62    3.89   82.20 -157.77   15.77
    9         13G  13G N   CA     98   99  130.93  174.10                    8.50
   10  22451  13G  14A C   N     100  102 -151.39 -134.00   20.62    0.49  -62.50 -176.06   34.89
   10         14A  14A N   CA    102  103  158.07  147.00                  -40.90
   11  22452  14A  15A C   N     105  107  -67.27  -68.20    5.72    0.43  -62.50  179.51   29.65
   11         15A  15A N   CA    107  108  139.66  145.30                  -40.90
   12  22453  15A  16A C   N     110  112 -122.61 -134.00   14.52    0.38  -62.50 -171.28   28.65
   12         16A  16A N   CA    112  113  137.99  147.00                  -40.90
   13  22454  16A  17L C   N     115  117 -108.52 -108.50   27.17    1.47  -63.50  153.30   19.22
   13         17L  17L N   CA    117  118  105.34  132.50                  -41.20
   14  22456  18V  19T C   N     130  132  -84.00  -78.10    7.22    0.30  -63.20  165.24   22.57
   14         19T  19T N   CA    132  133  153.97  149.80                  -42.10
   15  22459  21I  22T C   N     153  155 -111.13 -124.80   13.89    0.67  -63.20 -176.80   26.69
   15         22T  22T N   CA    155  156  141.08  143.50                  -42.10
   16  22464  26V  27L C   N     188  190 -126.87 -108.50   35.05    1.66  -63.50  168.79   27.36
   16         27L  27L N   CA    190  191  162.35  132.50                  -41.20
   17  22465  27L  28L C   N     196  198  -90.04 -108.50   28.45    1.30  -63.50  154.35   20.07
   17         28L  28L N   CA    198  199  110.85  132.50                  -41.20
   18  22467  29N  30K C   N     212  214  -67.70  -70.20   13.24    1.02  -62.90  165.87   21.81
   18         30K  30K N   CA    214  215  153.40  140.40                  -40.80
   19  22469  31G  32T C   N     225  227 -148.11 -124.80   24.50    1.09  -63.20 -172.77   29.52
   19         32T  32T N   CA    227  228  151.03  143.50                  -42.10
   20  22470  32T  33D C   N     232  234 -124.60  -96.50   29.09    1.20  -63.30  172.96   18.59
   20         33D  33D N   CA    234  235  121.73  114.20                  -40.00
   21  22471  33D  34D C   N     240  242 -117.66  -96.50   29.43    1.21  -63.30  144.37   15.45
   21         34D  34D N   CA    242  243   93.75  114.20                  -40.00
   22  22472  34D  35A C   N     248  250 -168.19 -134.00   35.62    0.86  -62.50 -166.49   37.32
   22         35A  35A N   CA    250  251  157.00  147.00                  -40.90
   23  22473  35A  36T C   N     253  255  -82.03  -78.10    6.85    0.42  -63.20  174.73   23.66
   23         36T  36T N   CA    255  256  144.19  149.80                  -42.10
   24  22474  36T  37A C   N     260  262 -119.07 -134.00   25.91    0.95  -62.50  176.06   26.72
   24         37A  37A N   CA    262  263  125.82  147.00                  -40.90
   25  22475  37A  38D C   N     265  267 -111.42  -96.50   17.43    0.71  -63.30  152.96   16.60
   25         38D  38D N   CA    267  268  105.19  114.20                  -40.00
   26  22511  73E  74N C   N     591  593 -158.27  -63.20   98.53   13.58  -63.20   98.53   13.58
   26         74N  74N N   CA    593  594  -15.22  -41.10                  -41.10
   27  22630 192D 193I C   N    1595 1597  -96.56  -63.40   35.33    6.61  -63.40   35.33    6.61
   27        193I 193I N   CA   1597 1598  -55.80  -43.60                  -43.60
   28  22650 212S 213A C   N    1765 1767  -90.75  -62.50   47.27    7.14  -62.50   47.27    7.14
   28        213A 213A N   CA   1767 1768   -3.01  -40.90                  -40.90
   29  22679 241Y 242S C   N    2011 2013   56.70   56.90    7.36    0.45  -64.10  144.21   18.82
   29        242S 242S N   CA   2013 2014   43.75   36.40                  -35.00
   30  22680 242S 243D C   N    2017 2019   92.75  -70.90  163.71   12.26  -70.90  163.71   12.26
   30        243D 243D N   CA   2019 2020  146.11  150.30                  150.30
   31  22696 258K 259A C   N    2152 2154   -7.49  -68.20  120.99   11.58  -68.20  120.99   11.58
   31        259A 259A N   CA   2154 2155 -110.04  145.30                  145.30
   32  22697 259A 260G C   N    2157 2159  -65.38  -62.40   24.55    3.53   82.20  149.74   10.86
   32        260G 260G N   CA   2159 2160  -16.84  -41.20                    8.50
   33  22757 319I 320Q C   N    2623 2625  -62.50  -63.80   46.42    6.89  -63.80   46.42    6.89
   33        320Q 320Q N   CA   2625 2626    6.10  -40.30                  -40.30
   34  22857 419S 420N C   N    3450 3452 -119.69 -119.90   91.30    4.15  -63.20  103.56   11.14
   34        420N 420N N   CA   3452 3453   45.70  137.00                  -41.10
   35  22924 486V 487N C   N    3987 3989 -132.83  -63.20   95.09   10.74  -63.20   95.09   10.74
   35        487N 487N N   CA   3989 3990   23.66  -41.10                  -41.10
   36  22943 505Q 506N C   N    4136 4138  -94.27  -63.20   87.96    9.65  -63.20   87.96    9.65
   36        506N 506N N   CA   4138 4139   41.19  -41.10                  -41.10
   37  22957 519L 520N C   N    4250 4252   51.09  -63.20  160.94   17.99   55.90  166.15   11.26
   37        520N 520N N   CA   4252 4253 -154.42  -41.10                   39.50
   38  22958 520N 521E C   N    4258 4260  -99.71 -117.80   79.85    3.63   54.60  155.20   17.31
   38        521E 521E N   CA   4260 4261   59.02  136.80                   42.40
   39  22984 546V 547Y C   N    4487 4489  -96.23  -63.50   37.41    7.05  -63.50   37.41    7.05
   39        547Y 547Y N   CA   4489 4490  -61.53  -43.40                  -43.40
   40  23023 585Y 586Q C   N    4785 4787 -103.97  -63.80   49.76    6.73  -63.80   49.76    6.73
   40        586Q 586Q N   CA   4787 4788  -10.94  -40.30                  -40.30
   41  23032 594I 595N C   N    4854 4856   33.96  -71.20  130.12   10.53  -71.20  130.12   10.53
   41        595N 595N N   CA   4856 4857 -140.57  142.80                  142.80
   42  23033 595N 596R C   N    4862 4864  -87.82  -63.00   80.49    9.47   57.30  145.15   16.98
   42        596R 596R N   CA   4864 4865   35.47  -41.10                   38.00
   43  23034 596R 597R C   N    4873 4875  -97.28  -63.00   63.74    7.22  -63.00   63.74    7.22
   43        597R 597R N   CA   4875 4876   12.64  -41.10                  -41.10
   44  23037 599G 600T C   N    4896 4898  -90.80  -63.20   47.93    7.87  -63.20   47.93    7.87
   44        600T 600T N   CA   4898 4899  -81.29  -42.10                  -42.10
   45  23067 629W 630S C   N    5148 5150   68.13  -64.10  159.89   15.10  -64.10  159.89   15.10
   45        630S 630S N   CA   5150 5151 -124.88  -35.00                  -35.00
   46  23116 678D 679N C   N    5523 5525 -156.91 -119.90  107.74    5.59  -63.20  121.23   13.99
   46        679N 679N N   CA   5525 5526   35.81  137.00                  -41.10
   47  23123 685N 686S C   N    5588 5590 -109.59 -136.60   97.29    4.30  -64.10  103.29    6.55
   47        686S 686S N   CA   5590 5591   57.73  151.20                  -35.00
   48  23179 741G 742I C   N    6034 6036   40.57  -63.40  141.46   26.59 -120.60  179.04    9.45
   48        742I 742I N   CA   6036 6037   52.33  -43.60                  130.30


report______> Distribution of short non-bonded contacts:


DISTANCE1:  0.00 2.10 2.20 2.30 2.40 2.50 2.60 2.70 2.80 2.90 3.00 3.10 3.20 3.30 3.40
DISTANCE2:  2.10 2.20 2.30 2.40 2.50 2.60 2.70 2.80 2.90 3.00 3.10 3.20 3.30 3.40 3.50
FREQUENCY:     0    0    0    0    0   35  110  285  328  455  533  627  805  933 1050


<< end of ENERGY.
iupac_m_397W> Atoms were not swapped because of the uncertainty of how to handle the H atom.
iupac_m_397W> Atoms were not swapped because of the uncertainty of how to handle the H atom.
iupac_m_397W> Atoms were not swapped because of the uncertainty of how to handle the H atom.
iupac_m_397W> Atoms were not swapped because of the uncertainty of how to handle the H atom.
iupac_m_397W> Atoms were not swapped because of the uncertainty of how to handle the H atom.
iupac_m_397W> Atoms were not swapped because of the uncertainty of how to handle the H atom.
iupac_m_397W> Atoms were not swapped because of the uncertainty of how to handle the H atom.
iupac_m_397W> Atoms were not swapped because of the uncertainty of how to handle the H atom.
iupac_m_397W> Atoms were not swapped because of the uncertainty of how to handle the H atom.
iupac_m_397W> Atoms were not swapped because of the uncertainty of how to handle the H atom.
iupac_m_397W> Atoms were not swapped because of the uncertainty of how to handle the H atom.
iupac_m_397W> Atoms were not swapped because of the uncertainty of how to handle the H atom.
iupac_m_397W> Atoms were not swapped because of the uncertainty of how to handle the H atom.
iupac_m_397W> Atoms were not swapped because of the uncertainty of how to handle the H atom.
iupac_m_397W> Atoms were not swapped because of the uncertainty of how to handle the H atom.
iupac_m_397W> Atoms were not swapped because of the uncertainty of how to handle the H atom.
iupac_m_484W> Dihedral still outside +-90:       90.3924
iupac_m_397W> Atoms were not swapped because of the uncertainty of how to handle the H atom.
>> Model assessment by DOPE potential
iatmcls_286W> MODEL atom not classified:  LEU:OXT  LEU


>> ENERGY; Differences between the model's features and restraints:
Number of all residues in MODEL                   :      765
Number of all, selected real atoms                :     6231    6231
Number of all, selected pseudo atoms              :        0       0
Number of all static, selected restraints         :    80863   80863
COVALENT_CYS                                      :        F
NONBONDED_SEL_ATOMS                               :        1
Number of non-bonded pairs (excluding 1-2,1-3,1-4):  1329629
Dynamic pairs routine                             : 1, NATM x NATM double loop
Atomic shift for contacts update (UPDATE_DYNAMIC) :    0.390
LENNARD_JONES_SWITCH                              :    6.500   7.500
COULOMB_JONES_SWITCH                              :    6.500   7.500
RESIDUE_SPAN_RANGE                                :        1    9999
NLOGN_USE                                         :       15
CONTACT_SHELL                                     :   15.000
DYNAMIC_PAIRS,_SPHERE,_COULOMB,_LENNARD,_MODELLER :        T       F       F       F       T
SPHERE_STDV                                       :    0.050
RADII_FACTOR                                      :    0.820
Current energy                                    :      -90829.8438




<< end of ENERGY.
DOPE score               : -90829.843750
>> Model assessment by GA341 potential

Surface library          : /usr/lib/modeller10.7/modlib/surf5.de
Pair library             : /usr/lib/modeller10.7/modlib/pair9.de
Chain identifier         : _
% sequence identity      :   100.000000
Sequence length          :          765
Compactness              :     0.039926
Native energy (pair)     :  -334.621871
Native energy (surface)  :   -27.706849
Native energy (combined) :    -9.385790
Z score (pair)           :   -13.729526
Z score (surface)        :    -9.634603
Z score (combined)       :   -15.375290
GA341 score              :     1.000000



>> ENERGY; Differences between the model's features and restraints:
Number of all residues in MODEL                   :      765
Number of all, selected real atoms                :     6231    6231
Number of all, selected pseudo atoms              :        0       0
Number of all static, selected restraints         :    80863   80863
COVALENT_CYS                                      :        F
NONBONDED_SEL_ATOMS                               :        1
Number of non-bonded pairs (excluding 1-2,1-3,1-4):    13271
Dynamic pairs routine                             : 2, NATM x NATM cell sorting
Atomic shift for contacts update (UPDATE_DYNAMIC) :    0.390
LENNARD_JONES_SWITCH                              :    6.500   7.500
COULOMB_JONES_SWITCH                              :    6.500   7.500
RESIDUE_SPAN_RANGE                                :        0   99999
NLOGN_USE                                         :       15
CONTACT_SHELL                                     :    4.000
DYNAMIC_PAIRS,_SPHERE,_COULOMB,_LENNARD,_MODELLER :        T       T       F       F       F
SPHERE_STDV                                       :    0.050
RADII_FACTOR                                      :    0.820
Current energy                                    :        4833.4922





Summary of the restraint violations: 

   NUM     ... number of restraints.
   NUMVI   ... number of restraints with RVIOL > VIOL_REPORT_CUT[i].
   RVIOL   ... relative difference from the best value.
   NUMVP   ... number of restraints with -Ln(pdf) > VIOL_REPORT_CUT2[i].
   RMS_1   ... RMS(feature, minimally_violated_basis_restraint, NUMB).
   RMS_2   ... RMS(feature, best_value, NUMB).
   MOL.PDF ... scaled contribution to -Ln(Molecular pdf).

 #                     RESTRAINT_GROUP      NUM   NUMVI  NUMVP   RMS_1   RMS_2         MOL.PDF     S_i
------------------------------------------------------------------------------------------------------
 1 Bond length potential              :    6406       0      0   0.005   0.005      48.044       1.000
 2 Bond angle potential               :    8717       0     20   1.916   1.916      632.26       1.000
 3 Stereochemical cosine torsion poten:    4447       0    149  47.784  47.784      1599.5       1.000
 4 Stereochemical improper torsion pot:    2848       0      1   1.180   1.180      95.157       1.000
 5 Soft-sphere overlap restraints     :   13271       0      0   0.001   0.001      3.5200       1.000
 6 Lennard-Jones 6-12 potential       :       0       0      0   0.000   0.000      0.0000       1.000
 7 Coulomb point-point electrostatic p:       0       0      0   0.000   0.000      0.0000       1.000
 8 H-bonding potential                :       0       0      0   0.000   0.000      0.0000       1.000
 9 Distance restraints 1 (CA-CA)      :   16227       0      0   0.086   0.086      153.69       1.000
10 Distance restraints 2 (N-O)        :   15949       0      0   0.145   0.145      352.59       1.000
11 Mainchain Phi dihedral restraints  :       0       0      0   0.000   0.000      0.0000       1.000
12 Mainchain Psi dihedral restraints  :       0       0      0   0.000   0.000      0.0000       1.000
13 Mainchain Omega dihedral restraints:     764       0      4   3.865   3.865      133.73       1.000
14 Sidechain Chi_1 dihedral restraints:     682       0      4  51.445  51.445      47.852       1.000
15 Sidechain Chi_2 dihedral restraints:     507       0      4  63.499  63.499      137.42       1.000
16 Sidechain Chi_3 dihedral restraints:     183       0      0  62.742  62.742      107.28       1.000
17 Sidechain Chi_4 dihedral restraints:      70       0      0  96.354  96.354      45.783       1.000
18 Disulfide distance restraints      :       5       0      0   0.010   0.010     0.92518E-01   1.000
19 Disulfide angle restraints         :      10       0      0   2.320   2.320      1.1889       1.000
20 Disulfide dihedral angle restraints:       5       0      0  35.048  35.048      5.4787       1.000
21 Lower bound distance restraints    :       0       0      0   0.000   0.000      0.0000       1.000
22 Upper bound distance restraints    :       0       0      0   0.000   0.000      0.0000       1.000
23 Distance restraints 3 (SDCH-MNCH)  :   13718       0      1   0.393   0.393      407.54       1.000
24 Sidechain Chi_5 dihedral restraints:       0       0      0   0.000   0.000      0.0000       1.000
25 Phi/Psi pair of dihedral restraints:     763      40     74  26.584  43.723      432.44       1.000
26 Distance restraints 4 (SDCH-SDCH)  :    9562       0      2   0.677   0.677      629.90       1.000
27 Distance restraints 5 (X-Y)        :       0       0      0   0.000   0.000      0.0000       1.000
28 NMR distance restraints 6 (X-Y)    :       0       0      0   0.000   0.000      0.0000       1.000
29 NMR distance restraints 7 (X-Y)    :       0       0      0   0.000   0.000      0.0000       1.000
30 Minimal distance restraints        :       0       0      0   0.000   0.000      0.0000       1.000
31 Non-bonded restraints              :       0       0      0   0.000   0.000      0.0000       1.000
32 Atomic accessibility restraints    :       0       0      0   0.000   0.000      0.0000       1.000
33 Atomic density restraints          :       0       0      0   0.000   0.000      0.0000       1.000
34 Absolute position restraints       :       0       0      0   0.000   0.000      0.0000       1.000
35 Dihedral angle difference restraint:       0       0      0   0.000   0.000      0.0000       1.000
36 GBSA implicit solvent potential    :       0       0      0   0.000   0.000      0.0000       1.000
37 EM density fitting potential       :       0       0      0   0.000   0.000      0.0000       1.000
38 SAXS restraints                    :       0       0      0   0.000   0.000      0.0000       1.000
39 Symmetry restraints                :       0       0      0   0.000   0.000      0.0000       1.000



# Heavy relative violation of each residue is written to: dpp4.V99990003
# The profile is NOT normalized by the number of restraints.
# The profiles are smoothed over a window of residues:    1
# The sum of all numbers in the file:   70075.2891



List of the violated restraints:
   A restraint is violated when the relative difference
   from the best value (RVIOL) is larger than CUTOFF.

   ICSR   ... index of a restraint in the current set.
   RESNO  ... residue numbers of the first two atoms.
   ATM    ... IUPAC atom names of the first two atoms.
   FEAT   ... the value of the feature in the model.
   restr  ... the mean of the basis restraint with the smallest
              difference from the model (local minimum).
   viol   ... difference from the local minimum.
   rviol  ... relative difference from the local minimum.
   RESTR  ... the best value (global minimum).
   VIOL   ... difference from the best value.
   RVIOL  ... relative difference from the best value.


-------------------------------------------------------------------------------------------------

Feature 25                           : Phi/Psi pair of dihedral restraints     
List of the RVIOL violations larger than   :       6.5000

    #   ICSR  RESNO1/2 ATM1/2   INDATM1/2    FEAT   restr    viol   rviol   RESTR    VIOL   RVIOL
    1  22440   2K   3T C   N      16   18 -118.95 -124.80   15.84    0.85  -63.20  169.14   25.38
    1          3T   3T N   CA     18   19  158.22  143.50                  -42.10
    2  22442   4P   5W C   N      30   32  -93.25  -71.30   22.81    1.46  -63.00  173.28   23.62
    2          5W   5W N   CA     32   33  145.19  139.00                  -44.20
    3  22443   5W   6K C   N      44   46 -118.78 -118.00    3.33    0.17  -62.90 -174.71   21.69
    3          6K   6K N   CA     46   47  135.87  139.10                  -40.80
    4  22445   7V   8L C   N      60   62 -130.27 -108.50   36.39    1.69  -63.50  170.74   27.84
    4          8L   8L N   CA     62   63  161.66  132.50                  -41.20
    5  22446   8L   9L C   N      68   70  -98.99 -108.50   15.88    0.90  -63.50  177.17   26.76
    5          9L   9L N   CA     70   71  145.21  132.50                  -41.20
    6  22447   9L  10G C   N      76   78 -136.32 -167.20   31.34    0.73   82.20 -137.73   16.68
    6         10G  10G N   CA     78   79  179.93  174.60                    8.50
    7  22448  10G  11L C   N      80   82  -68.50  -70.70    3.17    0.20  -63.50  179.55   25.22
    7         11L  11L N   CA     82   83  139.32  141.60                  -41.20
    8  22449  11L  12L C   N      88   90  -77.64  -70.70    8.82    0.89  -63.50  177.92   23.93
    8         12L  12L N   CA     90   91  136.16  141.60                  -41.20
    9  22451  13G  14A C   N     100  102 -150.84 -134.00   18.45    0.42  -62.50 -173.22   35.33
    9         14A  14A N   CA    102  103  154.54  147.00                  -40.90
   10  22452  14A  15A C   N     105  107  -69.38  -68.20    2.82    0.26  -62.50  176.49   29.27
   10         15A  15A N   CA    107  108  142.75  145.30                  -40.90
   11  22453  15A  16A C   N     110  112 -112.16 -134.00   23.63    0.54  -62.50 -174.37   28.43
   11         16A  16A N   CA    112  113  137.96  147.00                  -40.90
   12  22454  16A  17L C   N     115  117 -102.00 -108.50   34.13    1.77  -63.50  145.39   18.37
   12         17L  17L N   CA    117  118   99.00  132.50                  -41.20
   13  22456  18V  19T C   N     130  132 -120.18 -124.80    8.34    0.26  -63.20 -172.47   20.82
   13         19T  19T N   CA    132  133  136.56  143.50                  -42.10
   14  22459  21I  22T C   N     153  155 -109.25 -124.80   20.26    0.69  -63.20  178.65   20.21
   14         22T  22T N   CA    155  156  130.51  143.50                  -42.10
   15  22464  26V  27L C   N     188  190 -117.20 -108.50   16.10    0.76  -63.50 -179.10   28.43
   15         27L  27L N   CA    190  191  146.05  132.50                  -41.20
   16  22465  27L  28L C   N     196  198  -91.16 -108.50   42.07    2.06  -63.50  138.17   17.79
   16         28L  28L N   CA    198  199   94.17  132.50                  -41.20
   17  22466  28L  29N C   N     204  206 -146.97 -119.90   27.80    1.30  -63.20 -168.88   20.64
   17         29N  29N N   CA    206  207  130.68  137.00                  -41.10
   18  22467  29N  30K C   N     212  214 -172.62 -118.00   57.31    1.93  -62.90 -163.74   31.98
   18         30K  30K N   CA    214  215  156.47  139.10                  -40.80
   19  22468  30K  31G C   N     221  223   74.82   78.70   16.66    0.63   82.20  169.36    7.85
   19         31G  31G N   CA    223  224  177.70 -166.10                    8.50
   20  22469  31G  32T C   N     225  227 -127.25 -124.80    8.41    0.29  -63.20  178.26   27.09
   20         32T  32T N   CA    227  228  151.54  143.50                  -42.10
   21  22470  32T  33D C   N     232  234 -102.21  -96.50   16.77    0.70  -63.30  143.80   15.81
   21         33D  33D N   CA    234  235   98.44  114.20                  -40.00
   22  22471  33D  34D C   N     240  242 -117.97  -96.50   25.26    1.05  -63.30  176.20   19.14
   22         34D  34D N   CA    242  243  127.50  114.20                  -40.00
   23  22472  34D  35A C   N     248  250 -141.54 -134.00   11.32    0.67  -62.50 -163.90   29.47
   23         35A  35A N   CA    250  251  138.57  147.00                  -40.90
   24  22473  35A  36T C   N     253  255 -145.04 -124.80   20.26    1.10  -63.20 -166.35   30.18
   24         36T  36T N   CA    255  256  142.39  143.50                  -42.10
   25  22474  36T  37A C   N     260  262 -155.55 -134.00   21.81    0.60  -62.50 -167.28   36.56
   25         37A  37A N   CA    262  263  150.33  147.00                  -40.90
   26  22475  37A  38D C   N     265  267  -90.09  -96.50    6.47    0.26  -63.30  157.35   17.96
   26         38D  38D N   CA    267  268  115.05  114.20                  -40.00
   27  22511  73E  74N C   N     591  593 -150.89  -63.20   89.59   12.64  -63.20   89.59   12.64
   27         74N  74N N   CA    593  594  -22.79  -41.10                  -41.10
   28  22630 192D 193I C   N    1595 1597  -97.42  -63.40   35.64    6.64  -63.40   35.64    6.64
   28        193I 193I N   CA   1597 1598  -54.22  -43.60                  -43.60
   29  22650 212S 213A C   N    1765 1767  -90.83  -62.50   46.94    7.09  -62.50   46.94    7.09
   29        213A 213A N   CA   1767 1768   -3.46  -40.90                  -40.90
   30  22679 241Y 242S C   N    2011 2013   74.79  -72.40  152.33   11.81  -64.10 -167.45   15.86
   30        242S 242S N   CA   2013 2014 -168.36  152.40                  -35.00
   31  22857 419S 420N C   N    3450 3452 -119.28 -119.90   93.87    4.25  -63.20  101.20   10.89
   31        420N 420N N   CA   3452 3453   43.13  137.00                  -41.10
   32  22924 486V 487N C   N    3987 3989 -129.49  -63.20   87.36   10.00  -63.20   87.36   10.00
   32        487N 487N N   CA   3989 3990   15.81  -41.10                  -41.10
   33  22984 546V 547Y C   N    4487 4489  -96.51  -63.50   37.52    7.07  -63.50   37.52    7.07
   33        547Y 547Y N   CA   4489 4490  -61.24  -43.40                  -43.40
   34  23023 585Y 586Q C   N    4785 4787 -103.71  -63.80   49.36    6.68  -63.80   49.36    6.68
   34        586Q 586Q N   CA   4787 4788  -11.26  -40.30                  -40.30
   35  23034 596R 597R C   N    4873 4875  -95.81  -63.00   62.68    7.09  -63.00   62.68    7.09
   35        597R 597R N   CA   4875 4876   12.31  -41.10                  -41.10
   36  23037 599G 600T C   N    4896 4898  -91.22  -63.20   47.41    7.82  -63.20   47.41    7.82
   36        600T 600T N   CA   4898 4899  -80.34  -42.10                  -42.10
   37  23067 629W 630S C   N    5148 5150   68.45  -64.10  159.69   15.14  -64.10  159.69   15.14
   37        630S 630S N   CA   5150 5151 -124.06  -35.00                  -35.00
   38  23116 678D 679N C   N    5523 5525 -156.33 -119.90  108.24    5.61  -63.20  120.32   13.89
   38        679N 679N N   CA   5525 5526   35.08  137.00                  -41.10
   39  23123 685N 686S C   N    5588 5590 -109.16 -136.60   94.87    4.16  -64.10  105.49    6.65
   39        686S 686S N   CA   5590 5591   60.38  151.20                  -35.00
   40  23179 741G 742I C   N    6034 6036   33.62  -63.40  138.73   25.98 -120.60  171.37    9.04
   40        742I 742I N   CA   6036 6037   55.56  -43.60                  130.30


report______> Distribution of short non-bonded contacts:


DISTANCE1:  0.00 2.10 2.20 2.30 2.40 2.50 2.60 2.70 2.80 2.90 3.00 3.10 3.20 3.30 3.40
DISTANCE2:  2.10 2.20 2.30 2.40 2.50 2.60 2.70 2.80 2.90 3.00 3.10 3.20 3.30 3.40 3.50
FREQUENCY:     0    0    0    0    0   31  105  252  329  463  530  643  792  929 1026


<< end of ENERGY.

>> Summary of successfully produced models:
Filename                          molpdf     DOPE score    GA341 score
----------------------------------------------------------------------
dpp4.B99990001.pdb            4735.57422   -91366.78125        1.00000
dpp4.B99990002.pdb            4878.94336   -91194.83594        1.00000
dpp4.B99990003.pdb            4833.49219   -90829.84375        1.00000

Total CPU time [seconds]                                 :     210.49
