           :-) GROMACS - gmx mdrun, 2023.3-Ubuntu_2023.3_1ubuntu3 (-:

Copyright 1991-2023 The GROMACS Authors.
GROMACS is free software; you can redistribute it and/or modify it
under the terms of the GNU Lesser General Public License
as published by the Free Software Foundation; either version 2.1
of the License, or (at your option) any later version.

                         Current GROMACS contributors:
       Mark Abraham           Andrey Alekseenko           Cathrine Bergh      
      Christian Blau            Eliane Briand             Mahesh Doijade      
    Stefan Fleischmann           Vytas Gapsys              Gaurav Garg        
      Sergey Gorelov         Gilles Gouaillardet            Alan Gray         
     M. Eric Irrgang         Farzaneh Jalalypour            Joe Jordan        
    Christoph Junghans        Prashanth Kanduri          Sebastian Keller     
     Carsten Kutzner           Justin A. Lemkul          Magnus Lundborg      
       Pascal Merz              Vedran Miletic            Dmitry Morozov      
       Szilard Pall             Roland Schulz             Michael Shirts      
     Alexey Shvetsov            Balint Soproni         David van der Spoel    
      Philip Turner             Carsten Uphoff           Alessandra Villa     
 Sebastian Wingbermuehle        Artem Zhmurov       

                         Previous GROMACS contributors:
        Emile Apol             Rossen Apostolov           James Barnett       
  Herman J.C. Berendsen          Par Bjelkmar           Viacheslav Bolnykh    
        Kevin Boyd            Aldert van Buuren          Carlo Camilloni      
     Rudi van Drunen            Anton Feenstra           Oliver Fleetwood     
     Gerrit Groenhof            Bert de Groot             Anca Hamuraru       
    Vincent Hindriksen          Victor Holanda           Aleksei Iupinov      
   Dimitrios Karkoulis           Peter Kasson             Sebastian Kehl      
        Jiri Kraus               Per Larsson              Viveca Lindahl      
      Erik Marklund           Pieter Meulenhoff           Teemu Murtola       
       Sander Pronk             Alfons Sijbers            Peter Tieleman      
       Jon Vincent             Teemu Virolainen         Christian Wennberg    
       Maarten Wolf       

                  Coordinated by the GROMACS project leaders:
                    Paul Bauer, Berk Hess, and Erik Lindahl

GROMACS:      gmx mdrun, version 2023.3-Ubuntu_2023.3_1ubuntu3
Executable:   /usr/bin/gmx
Data prefix:  /usr
Working dir:  /home/ibab/dockex
Process ID:   865554
Command line:
  gmx mdrun -deffnm npt -ntomp 4

GROMACS version:    2023.3-Ubuntu_2023.3_1ubuntu3
Precision:          mixed
Memory model:       64 bit
MPI library:        thread_mpi
OpenMP support:     enabled (GMX_OPENMP_MAX_THREADS = 128)
GPU support:        disabled
SIMD instructions:  SSE4.1
CPU FFT library:    fftw-3.3.10-sse2-avx
GPU FFT library:    none
Multi-GPU FFT:      none
RDTSCP usage:       enabled
TNG support:        enabled
Hwloc support:      hwloc-2.8.0
Tracing support:    disabled
C compiler:         /usr/bin/cc GNU 13.2.0
C compiler flags:   -fexcess-precision=fast -funroll-all-loops -msse4.1 -Wno-missing-field-initializers -O3 -DNDEBUG
C++ compiler:       /usr/bin/c++ GNU 13.2.0
C++ compiler flags: -fexcess-precision=fast -funroll-all-loops -msse4.1 -Wno-missing-field-initializers -Wno-cast-function-type-strict SHELL:-fopenmp -O3 -DNDEBUG
BLAS library:       External - detected on the system
LAPACK library:     External - detected on the system


Running on 1 node with total 4 cores, 4 processing units
Hardware detected on host IBAB-MSc14-Comp011.ibab.ac.in:
  CPU info:
    Vendor: Intel
    Brand:  Intel(R) Core(TM) i5-6400 CPU @ 2.70GHz
    Family: 6   Model: 94   Stepping: 3
    Features: aes apic avx avx2 clfsh cmov cx8 cx16 f16c fma htt intel lahf mmx msr nonstop_tsc pcid pclmuldq pdcm pdpe1gb popcnt pse rdrnd rdtscp sse2 sse3 sse4.1 sse4.2 ssse3 tdt x2apic
  Hardware topology: Full, with devices
    Packages, cores, and logical processors:
    [indices refer to OS logical processors]
      Package  0: [   0] [   1] [   2] [   3]
    CPU limit set by OS: -1   Recommended max number of threads: 4
    Numa nodes:
      Node  0 (16720547840 bytes mem):   0   1   2   3
      Latency:
               0
         0  1.00
    Caches:
      L1: 32768 bytes, linesize 64 bytes, assoc. 8, shared 1 ways
      L2: 262144 bytes, linesize 64 bytes, assoc. 4, shared 1 ways
      L3: 6291456 bytes, linesize 64 bytes, assoc. 12, shared 4 ways
    PCI devices:
      0000:01:00.0  Id: 10de:128b  Class: 0x0300  Numa: 0
      0000:00:17.0  Id: 8086:a102  Class: 0x0106  Numa: 0
      0000:02:00.0  Id: 10ec:8168  Class: 0x0200  Numa: 0

Likely fastest SIMD instructions supported by all nodes: AVX2_256
SIMD instructions selected at compile time:              SSE4.1


++++ PLEASE READ AND CITE THE FOLLOWING REFERENCE ++++
M. J. Abraham, T. Murtola, R. Schulz, S. Páll, J. C. Smith, B. Hess, E.
Lindahl
GROMACS: High performance molecular simulations through multi-level
parallelism from laptops to supercomputers
SoftwareX 1 (2015) pp. 19-25
-------- -------- --- Thank You --- -------- --------


++++ PLEASE READ AND CITE THE FOLLOWING REFERENCE ++++
S. Páll, M. J. Abraham, C. Kutzner, B. Hess, E. Lindahl
Tackling Exascale Software Challenges in Molecular Dynamics Simulations with
GROMACS
In S. Markidis & E. Laure (Eds.), Solving Software Challenges for Exascale 8759 (2015) pp. 3-27
-------- -------- --- Thank You --- -------- --------


++++ PLEASE READ AND CITE THE FOLLOWING REFERENCE ++++
S. Pronk, S. Páll, R. Schulz, P. Larsson, P. Bjelkmar, R. Apostolov, M. R.
Shirts, J. C. Smith, P. M. Kasson, D. van der Spoel, B. Hess, and E. Lindahl
GROMACS 4.5: a high-throughput and highly parallel open source molecular
simulation toolkit
Bioinformatics 29 (2013) pp. 845-54
-------- -------- --- Thank You --- -------- --------


++++ PLEASE READ AND CITE THE FOLLOWING REFERENCE ++++
B. Hess and C. Kutzner and D. van der Spoel and E. Lindahl
GROMACS 4: Algorithms for highly efficient, load-balanced, and scalable
molecular simulation
J. Chem. Theory Comput. 4 (2008) pp. 435-447
-------- -------- --- Thank You --- -------- --------


++++ PLEASE READ AND CITE THE FOLLOWING REFERENCE ++++
D. van der Spoel, E. Lindahl, B. Hess, G. Groenhof, A. E. Mark and H. J. C.
Berendsen
GROMACS: Fast, Flexible and Free
J. Comp. Chem. 26 (2005) pp. 1701-1719
-------- -------- --- Thank You --- -------- --------


++++ PLEASE READ AND CITE THE FOLLOWING REFERENCE ++++
E. Lindahl and B. Hess and D. van der Spoel
GROMACS 3.0: A package for molecular simulation and trajectory analysis
J. Mol. Mod. 7 (2001) pp. 306-317
-------- -------- --- Thank You --- -------- --------


++++ PLEASE READ AND CITE THE FOLLOWING REFERENCE ++++
H. J. C. Berendsen, D. van der Spoel and R. van Drunen
GROMACS: A message-passing parallel molecular dynamics implementation
Comp. Phys. Comm. 91 (1995) pp. 43-56
-------- -------- --- Thank You --- -------- --------

Input Parameters:
   integrator                     = md
   tinit                          = 0
   dt                             = 0.002
   nsteps                         = 25000
   init-step                      = 0
   simulation-part                = 1
   mts                            = false
   comm-mode                      = Linear
   nstcomm                        = 100
   bd-fric                        = 0
   ld-seed                        = -139551745
   emtol                          = 10
   emstep                         = 0.01
   niter                          = 20
   fcstep                         = 0
   nstcgsteep                     = 1000
   nbfgscorr                      = 10
   rtpi                           = 0.05
   nstxout                        = 1000
   nstvout                        = 1000
   nstfout                        = 0
   nstlog                         = 500
   nstcalcenergy                  = 100
   nstenergy                      = 500
   nstxout-compressed             = 0
   compressed-x-precision         = 1000
   cutoff-scheme                  = Verlet
   nstlist                        = 10
   pbc                            = xyz
   periodic-molecules             = false
   verlet-buffer-tolerance        = 0.005
   rlist                          = 1
   coulombtype                    = PME
   coulomb-modifier               = Potential-shift
   rcoulomb-switch                = 0
   rcoulomb                       = 1
   epsilon-r                      = 1
   epsilon-rf                     = inf
   vdw-type                       = Cut-off
   vdw-modifier                   = Potential-shift
   rvdw-switch                    = 0
   rvdw                           = 1
   DispCorr                       = No
   table-extension                = 1
   fourierspacing                 = 0.12
   fourier-nx                     = 96
   fourier-ny                     = 96
   fourier-nz                     = 96
   pme-order                      = 4
   ewald-rtol                     = 1e-05
   ewald-rtol-lj                  = 0.001
   lj-pme-comb-rule               = Geometric
   ewald-geometry                 = 3d
   epsilon-surface                = 0
   ensemble-temperature-setting   = constant
   ensemble-temperature           = 310
   tcoupl                         = V-rescale
   nsttcouple                     = 10
   nh-chain-length                = 0
   print-nose-hoover-chain-variables = false
   pcoupl                         = Berendsen
   pcoupltype                     = Isotropic
   nstpcouple                     = 100
   tau-p                          = 1
   compressibility (3x3):
      compressibility[    0]={ 4.50000e-05,  0.00000e+00,  0.00000e+00}
      compressibility[    1]={ 0.00000e+00,  4.50000e-05,  0.00000e+00}
      compressibility[    2]={ 0.00000e+00,  0.00000e+00,  4.50000e-05}
   ref-p (3x3):
      ref-p[    0]={ 1.00000e+00,  0.00000e+00,  0.00000e+00}
      ref-p[    1]={ 0.00000e+00,  1.00000e+00,  0.00000e+00}
      ref-p[    2]={ 0.00000e+00,  0.00000e+00,  1.00000e+00}
   refcoord-scaling               = COM
   posres-com (3):
      posres-com[0]= 5.00385e-01
      posres-com[1]= 5.00446e-01
      posres-com[2]= 4.99288e-01
   posres-comB (3):
      posres-comB[0]= 5.00385e-01
      posres-comB[1]= 5.00446e-01
      posres-comB[2]= 4.99288e-01
   QMMM                           = false
qm-opts:
   ngQM                           = 0
   constraint-algorithm           = Lincs
   continuation                   = true
   Shake-SOR                      = false
   shake-tol                      = 0.0001
   lincs-order                    = 6
   lincs-iter                     = 1
   lincs-warnangle                = 30
   nwall                          = 0
   wall-type                      = 9-3
   wall-r-linpot                  = -1
   wall-atomtype[0]               = -1
   wall-atomtype[1]               = -1
   wall-density[0]                = 0
   wall-density[1]                = 0
   wall-ewald-zfac                = 3
   pull                           = false
   awh                            = false
   rotation                       = false
   interactiveMD                  = false
   disre                          = No
   disre-weighting                = Conservative
   disre-mixed                    = false
   dr-fc                          = 1000
   dr-tau                         = 0
   nstdisreout                    = 100
   orire-fc                       = 0
   orire-tau                      = 0
   nstorireout                    = 100
   free-energy                    = no
   cos-acceleration               = 0
   deform (3x3):
      deform[    0]={ 0.00000e+00,  0.00000e+00,  0.00000e+00}
      deform[    1]={ 0.00000e+00,  0.00000e+00,  0.00000e+00}
      deform[    2]={ 0.00000e+00,  0.00000e+00,  0.00000e+00}
   simulated-tempering            = false
   swapcoords                     = no
   userint1                       = 0
   userint2                       = 0
   userint3                       = 0
   userint4                       = 0
   userreal1                      = 0
   userreal2                      = 0
   userreal3                      = 0
   userreal4                      = 0
   applied-forces:
     electric-field:
       x:
         E0                       = 0
         omega                    = 0
         t0                       = 0
         sigma                    = 0
       y:
         E0                       = 0
         omega                    = 0
         t0                       = 0
         sigma                    = 0
       z:
         E0                       = 0
         omega                    = 0
         t0                       = 0
         sigma                    = 0
     density-guided-simulation:
       active                     = false
       group                      = protein
       similarity-measure         = inner-product
       atom-spreading-weight      = unity
       force-constant             = 1e+09
       gaussian-transform-spreading-width = 0.2
       gaussian-transform-spreading-range-in-multiples-of-width = 4
       reference-density-filename = reference.mrc
       nst                        = 1
       normalize-densities        = true
       adaptive-force-scaling     = false
       adaptive-force-scaling-time-constant = 4
       shift-vector               = 
       transformation-matrix      = 
     qmmm-cp2k:
       active                     = false
       qmgroup                    = System
       qmmethod                   = PBE
       qmfilenames                = 
       qmcharge                   = 0
       qmmultiplicity             = 1
grpopts:
   nrdf:     29206.6      215220
   ref-t:         310         310
   tau-t:         0.1         0.1
annealing:          No          No
annealing-npoints:           0           0
   acc:	           0           0           0
   nfreeze:           N           N           N
   energygrp-flags[  0]: 0

Changing nstlist from 10 to 50, rlist from 1 to 1.106


Initializing Domain Decomposition on 1 ranks
Dynamic load balancing: auto
Using update groups, nr 41829, average size 2.9 atoms, max. radius 0.104 nm
Minimum cell size due to atom displacement: 0.413 nm
Initial maximum distances in bonded interactions:
    two-body bonded interactions: 0.447 nm, LJ-14, atoms 9808 11575
  multi-body bonded interactions: 0.447 nm, Proper Dih., atoms 9808 11575
Minimum cell size due to bonded interactions: 0.492 nm
Using 0 separate PME ranks because: there are too few total ranks for efficient splitting
Optimizing the DD grid for 1 cells with a minimum initial size of 0.492 nm
The maximum allowed number of cells is: X 21 Y 21 Z 21
Domain decomposition grid 1 x 1 x 1, separate PME ranks 0
PME domain decomposition: 1 x 1 x 1

The initial number of communication pulses is:
The initial domain decomposition cell size is:

The maximum allowed distance for atom groups involved in interactions is:
                 non-bonded interactions           1.314 nm
(the following are initial values, they could change due to box deformation)
            two-body bonded interactions  (-rdd)   1.314 nm
          multi-body bonded interactions  (-rdd)   1.314 nm

When dynamic load balancing gets turned on, these settings will change to:
The maximum number of communication pulses is:
The minimum size for domain decomposition cells is 1.314 nm
The requested allowed shrink of DD cells (option -dds) is: 0.80
The allowed shrink of domain decomposition cells is:
The maximum allowed distance for atom groups involved in interactions is:
                 non-bonded interactions           1.314 nm
            two-body bonded interactions  (-rdd)   1.314 nm
          multi-body bonded interactions  (-rdd)   1.314 nm

Using 1 MPI thread
Using 4 OpenMP threads 

System total charge: 0.000
Will do PME sum in reciprocal space for electrostatic interactions.

++++ PLEASE READ AND CITE THE FOLLOWING REFERENCE ++++
U. Essmann, L. Perera, M. L. Berkowitz, T. Darden, H. Lee and L. G. Pedersen 
A smooth particle mesh Ewald method
J. Chem. Phys. 103 (1995) pp. 8577-8592
-------- -------- --- Thank You --- -------- --------

Using a Gaussian width (1/beta) of 0.320163 nm for Ewald
Potential shift: LJ r^-12: -1.000e+00 r^-6: -1.000e+00, Ewald -1.000e-05
Initialized non-bonded Coulomb Ewald tables, spacing: 9.33e-04 size: 1073

Generated table with 1053 data points for 1-4 COUL.
Tabscale = 500 points/nm
Generated table with 1053 data points for 1-4 LJ6.
Tabscale = 500 points/nm
Generated table with 1053 data points for 1-4 LJ12.
Tabscale = 500 points/nm


Using SIMD 4x4 nonbonded short-range kernels

Using a dual 4x4 pair-list setup updated with dynamic pruning:
  outer list: updated every 50 steps, buffer 0.106 nm, rlist 1.106 nm
  inner list: updated every 12 steps, buffer 0.001 nm, rlist 1.001 nm
At tolerance 0.005 kJ/mol/ps per atom, equivalent classical 1x1 list would be:
  outer list: updated every 50 steps, buffer 0.233 nm, rlist 1.233 nm
  inner list: updated every 12 steps, buffer 0.047 nm, rlist 1.047 nm

The non-bonded pair calculation algorithm tolerates a few missing pair interactions close to the cut-off. This can lead to a systematic overestimation of the pressure due to missing LJ interactions. The error in the average pressure due to missing LJ interactions is at most 0.50 bar.
The pressure error can be controlled by setting the environment variable GMX_VERLET_BUFFER_PRESSURE_TOLERANCE to the allowed error in units of bar.

Using Lorentz-Berthelot Lennard-Jones combination rule

Linking all bonded interactions to atoms


Pinning threads with an auto-selected logical cpu stride of 1

Initializing LINear Constraint Solver

++++ PLEASE READ AND CITE THE FOLLOWING REFERENCE ++++
B. Hess and H. Bekker and H. J. C. Berendsen and J. G. E. M. Fraaije
LINCS: A Linear Constraint Solver for molecular simulations
J. Comp. Chem. 18 (1997) pp. 1463-1472
-------- -------- --- Thank You --- -------- --------

The number of constraints is 5677

++++ PLEASE READ AND CITE THE FOLLOWING REFERENCE ++++
S. Miyamoto and P. A. Kollman
SETTLE: An Analytical Version of the SHAKE and RATTLE Algorithms for Rigid
Water Models
J. Comp. Chem. 13 (1992) pp. 952-962
-------- -------- --- Thank You --- -------- --------


++++ PLEASE READ AND CITE THE FOLLOWING REFERENCE ++++
G. Bussi, D. Donadio and M. Parrinello
Canonical sampling through velocity rescaling
J. Chem. Phys. 126 (2007) pp. 014101
-------- -------- --- Thank You --- -------- --------

There are: 119232 Atoms
Atom distribution over 1 domains: av 119232 stddev 0 min 119232 max 119232
Center of mass motion removal mode is Linear
We have the following groups for center of mass motion removal:
  0:  rest

Started mdrun on rank 0 Tue Oct 14 22:53:14 2025

           Step           Time
              0        0.00000

   Energies (kJ/mol)
           Bond          Angle    Proper Dih. Per. Imp. Dih.          LJ-14
    9.19495e+03    2.45440e+04    3.02107e+04    1.54874e+03    1.17945e+04
     Coulomb-14        LJ (SR)   Coulomb (SR)   Coul. recip. Position Rest.
    1.28145e+05    1.70439e+05   -1.85407e+06    1.33694e+04    4.68958e-10
      Potential    Kinetic En.   Total Energy  Conserved En.    Temperature
   -1.46482e+06    3.19044e+05   -1.14578e+06   -1.14507e+06    3.13977e+02
 Pressure (bar)   Constr. rmsd
   -3.29133e+02    3.18101e-06

           Step           Time
            500        1.00000

   Energies (kJ/mol)
           Bond          Angle    Proper Dih. Per. Imp. Dih.          LJ-14
    9.44031e+03    2.44783e+04    3.00485e+04    1.57292e+03    1.16807e+04
     Coulomb-14        LJ (SR)   Coulomb (SR)   Coul. recip. Position Rest.
    1.27910e+05    1.91753e+05   -1.89153e+06    1.21322e+04    2.93951e+03
      Potential    Kinetic En.   Total Energy  Conserved En.    Temperature
   -1.47957e+06    3.16109e+05   -1.16346e+06   -1.14679e+06    3.11088e+02
 Pressure (bar)   Constr. rmsd
    1.27364e+02    3.58380e-06

           Step           Time
           1000        2.00000

   Energies (kJ/mol)
           Bond          Angle    Proper Dih. Per. Imp. Dih.          LJ-14
    9.28253e+03    2.45759e+04    3.00442e+04    1.55996e+03    1.15263e+04
     Coulomb-14        LJ (SR)   Coulomb (SR)   Coul. recip. Position Rest.
    1.28078e+05    1.93996e+05   -1.89547e+06    1.19518e+04    3.03898e+03
      Potential    Kinetic En.   Total Energy  Conserved En.    Temperature
   -1.48142e+06    3.15667e+05   -1.16575e+06   -1.14678e+06    3.10653e+02
 Pressure (bar)   Constr. rmsd
    1.37459e+02    3.33908e-06

           Step           Time
           1500        3.00000

   Energies (kJ/mol)
           Bond          Angle    Proper Dih. Per. Imp. Dih.          LJ-14
    9.42319e+03    2.47433e+04    2.99189e+04    1.55583e+03    1.17635e+04
     Coulomb-14        LJ (SR)   Coulomb (SR)   Coul. recip. Position Rest.
    1.28342e+05    1.89611e+05   -1.89000e+06    1.20096e+04    3.00602e+03
      Potential    Kinetic En.   Total Energy  Conserved En.    Temperature
   -1.47962e+06    3.18084e+05   -1.16154e+06   -1.14619e+06    3.13032e+02
 Pressure (bar)   Constr. rmsd
   -1.16140e+02    3.37086e-06

           Step           Time
           2000        4.00000

   Energies (kJ/mol)
           Bond          Angle    Proper Dih. Per. Imp. Dih.          LJ-14
    9.16516e+03    2.42652e+04    2.98050e+04    1.50135e+03    1.16216e+04
     Coulomb-14        LJ (SR)   Coulomb (SR)   Coul. recip. Position Rest.
    1.28041e+05    1.90572e+05   -1.89183e+06    1.18639e+04    3.05697e+03
      Potential    Kinetic En.   Total Energy  Conserved En.    Temperature
   -1.48194e+06    3.16219e+05   -1.16572e+06   -1.14635e+06    3.11197e+02
 Pressure (bar)   Constr. rmsd
   -2.71265e+01    3.28324e-06

           Step           Time
           2500        5.00000

   Energies (kJ/mol)
           Bond          Angle    Proper Dih. Per. Imp. Dih.          LJ-14
    9.59124e+03    2.38725e+04    2.98427e+04    1.62424e+03    1.17044e+04
     Coulomb-14        LJ (SR)   Coulomb (SR)   Coul. recip. Position Rest.
    1.28352e+05    1.91813e+05   -1.89294e+06    1.19675e+04    3.09939e+03
      Potential    Kinetic En.   Total Energy  Conserved En.    Temperature
   -1.48107e+06    3.15736e+05   -1.16534e+06   -1.14637e+06    3.10721e+02
 Pressure (bar)   Constr. rmsd
    7.56567e+00    3.21963e-06

           Step           Time
           3000        6.00000

   Energies (kJ/mol)
           Bond          Angle    Proper Dih. Per. Imp. Dih.          LJ-14
    9.22271e+03    2.43622e+04    2.98192e+04    1.54306e+03    1.15665e+04
     Coulomb-14        LJ (SR)   Coulomb (SR)   Coul. recip. Position Rest.
    1.28501e+05    1.92946e+05   -1.89349e+06    1.21973e+04    3.05760e+03
      Potential    Kinetic En.   Total Energy  Conserved En.    Temperature
   -1.48028e+06    3.15633e+05   -1.16464e+06   -1.14653e+06    3.10620e+02
 Pressure (bar)   Constr. rmsd
    1.31499e+02    3.25858e-06

           Step           Time
           3500        7.00000

   Energies (kJ/mol)
           Bond          Angle    Proper Dih. Per. Imp. Dih.          LJ-14
    9.23271e+03    2.42381e+04    2.99742e+04    1.50833e+03    1.16472e+04
     Coulomb-14        LJ (SR)   Coulomb (SR)   Coul. recip. Position Rest.
    1.28375e+05    1.90701e+05   -1.89049e+06    1.21269e+04    3.12735e+03
      Potential    Kinetic En.   Total Energy  Conserved En.    Temperature
   -1.47956e+06    3.14668e+05   -1.16490e+06   -1.14609e+06    3.09670e+02
 Pressure (bar)   Constr. rmsd
   -8.32229e+01    3.18726e-06

           Step           Time
           4000        8.00000

   Energies (kJ/mol)
           Bond          Angle    Proper Dih. Per. Imp. Dih.          LJ-14
    9.46678e+03    2.46385e+04    3.00176e+04    1.52245e+03    1.17940e+04
     Coulomb-14        LJ (SR)   Coulomb (SR)   Coul. recip. Position Rest.
    1.28082e+05    1.91098e+05   -1.89046e+06    1.20271e+04    3.04935e+03
      Potential    Kinetic En.   Total Energy  Conserved En.    Temperature
   -1.47876e+06    3.15170e+05   -1.16359e+06   -1.14618e+06    3.10164e+02
 Pressure (bar)   Constr. rmsd
    3.01643e+01    3.43761e-06

           Step           Time
           4500        9.00000

   Energies (kJ/mol)
           Bond          Angle    Proper Dih. Per. Imp. Dih.          LJ-14
    9.35174e+03    2.42190e+04    2.98904e+04    1.41945e+03    1.15353e+04
     Coulomb-14        LJ (SR)   Coulomb (SR)   Coul. recip. Position Rest.
    1.28118e+05    1.90411e+05   -1.89206e+06    1.19354e+04    3.04251e+03
      Potential    Kinetic En.   Total Energy  Conserved En.    Temperature
   -1.48213e+06    3.14922e+05   -1.16721e+06   -1.14604e+06    3.09920e+02
 Pressure (bar)   Constr. rmsd
   -5.65578e+01    3.33384e-06

           Step           Time
           5000       10.00000

   Energies (kJ/mol)
           Bond          Angle    Proper Dih. Per. Imp. Dih.          LJ-14
    9.10127e+03    2.45238e+04    2.97828e+04    1.48162e+03    1.16779e+04
     Coulomb-14        LJ (SR)   Coulomb (SR)   Coul. recip. Position Rest.
    1.28167e+05    1.94708e+05   -1.89864e+06    1.19029e+04    3.11872e+03
      Potential    Kinetic En.   Total Energy  Conserved En.    Temperature
   -1.48418e+06    3.15243e+05   -1.16893e+06   -1.14612e+06    3.10236e+02
 Pressure (bar)   Constr. rmsd
    1.80654e+01    3.21347e-06

           Step           Time
           5500       11.00000

   Energies (kJ/mol)
           Bond          Angle    Proper Dih. Per. Imp. Dih.          LJ-14
    9.25555e+03    2.40594e+04    2.98796e+04    1.42568e+03    1.16402e+04
     Coulomb-14        LJ (SR)   Coulomb (SR)   Coul. recip. Position Rest.
    1.28041e+05    1.93906e+05   -1.89842e+06    1.19032e+04    3.16272e+03
      Potential    Kinetic En.   Total Energy  Conserved En.    Temperature
   -1.48514e+06    3.16350e+05   -1.16879e+06   -1.14613e+06    3.11325e+02
 Pressure (bar)   Constr. rmsd
    1.38409e+01    3.32054e-06

           Step           Time
           6000       12.00000

   Energies (kJ/mol)
           Bond          Angle    Proper Dih. Per. Imp. Dih.          LJ-14
    9.42759e+03    2.41634e+04    2.98040e+04    1.50345e+03    1.17418e+04
     Coulomb-14        LJ (SR)   Coulomb (SR)   Coul. recip. Position Rest.
    1.27878e+05    1.92786e+05   -1.89248e+06    1.18523e+04    3.26666e+03
      Potential    Kinetic En.   Total Energy  Conserved En.    Temperature
   -1.48005e+06    3.15585e+05   -1.16447e+06   -1.14621e+06    3.10573e+02
 Pressure (bar)   Constr. rmsd
    9.16393e+01    3.26439e-06

           Step           Time
           6500       13.00000

   Energies (kJ/mol)
           Bond          Angle    Proper Dih. Per. Imp. Dih.          LJ-14
    9.20512e+03    2.41939e+04    2.99468e+04    1.50794e+03    1.16741e+04
     Coulomb-14        LJ (SR)   Coulomb (SR)   Coul. recip. Position Rest.
    1.28310e+05    1.91344e+05   -1.89175e+06    1.22074e+04    3.08251e+03
      Potential    Kinetic En.   Total Energy  Conserved En.    Temperature
   -1.48027e+06    3.16084e+05   -1.16419e+06   -1.14585e+06    3.11063e+02
 Pressure (bar)   Constr. rmsd
   -5.69229e+01    3.33217e-06

           Step           Time
           7000       14.00000

   Energies (kJ/mol)
           Bond          Angle    Proper Dih. Per. Imp. Dih.          LJ-14
    8.93489e+03    2.46522e+04    2.97603e+04    1.43972e+03    1.16835e+04
     Coulomb-14        LJ (SR)   Coulomb (SR)   Coul. recip. Position Rest.
    1.28161e+05    1.91045e+05   -1.89247e+06    1.19957e+04    3.12786e+03
      Potential    Kinetic En.   Total Energy  Conserved En.    Temperature
   -1.48167e+06    3.15271e+05   -1.16640e+06   -1.14588e+06    3.10264e+02
 Pressure (bar)   Constr. rmsd
   -7.71033e+00    3.19739e-06

           Step           Time
           7500       15.00000

   Energies (kJ/mol)
           Bond          Angle    Proper Dih. Per. Imp. Dih.          LJ-14
    9.42128e+03    2.42873e+04    3.00642e+04    1.45556e+03    1.16283e+04
     Coulomb-14        LJ (SR)   Coulomb (SR)   Coul. recip. Position Rest.
    1.27896e+05    1.91348e+05   -1.89258e+06    1.17735e+04    3.18113e+03
      Potential    Kinetic En.   Total Energy  Conserved En.    Temperature
   -1.48152e+06    3.17170e+05   -1.16435e+06   -1.14589e+06    3.12133e+02
 Pressure (bar)   Constr. rmsd
    1.17955e+00    3.39170e-06

           Step           Time
           8000       16.00000

   Energies (kJ/mol)
           Bond          Angle    Proper Dih. Per. Imp. Dih.          LJ-14
    9.08437e+03    2.45945e+04    2.97522e+04    1.42554e+03    1.17245e+04
     Coulomb-14        LJ (SR)   Coulomb (SR)   Coul. recip. Position Rest.
    1.27958e+05    1.93433e+05   -1.89629e+06    1.19292e+04    3.17410e+03
      Potential    Kinetic En.   Total Energy  Conserved En.    Temperature
   -1.48322e+06    3.15651e+05   -1.16756e+06   -1.14597e+06    3.10637e+02
 Pressure (bar)   Constr. rmsd
    7.73070e+01    3.11673e-06

           Step           Time
           8500       17.00000

   Energies (kJ/mol)
           Bond          Angle    Proper Dih. Per. Imp. Dih.          LJ-14
    9.21388e+03    2.44922e+04    2.99634e+04    1.52067e+03    1.15589e+04
     Coulomb-14        LJ (SR)   Coulomb (SR)   Coul. recip. Position Rest.
    1.27967e+05    1.92703e+05   -1.89483e+06    1.19160e+04    3.24229e+03
      Potential    Kinetic En.   Total Energy  Conserved En.    Temperature
   -1.48225e+06    3.15640e+05   -1.16661e+06   -1.14559e+06    3.10627e+02
 Pressure (bar)   Constr. rmsd
   -9.30630e+01    3.14286e-06

           Step           Time
           9000       18.00000

   Energies (kJ/mol)
           Bond          Angle    Proper Dih. Per. Imp. Dih.          LJ-14
    8.83517e+03    2.42390e+04    2.96610e+04    1.51716e+03    1.16895e+04
     Coulomb-14        LJ (SR)   Coulomb (SR)   Coul. recip. Position Rest.
    1.28387e+05    1.95130e+05   -1.89920e+06    1.18062e+04    3.18867e+03
      Potential    Kinetic En.   Total Energy  Conserved En.    Temperature
   -1.48475e+06    3.12639e+05   -1.17211e+06   -1.14621e+06    3.07673e+02
 Pressure (bar)   Constr. rmsd
    2.35137e+02    3.28383e-06

           Step           Time
           9500       19.00000

   Energies (kJ/mol)
           Bond          Angle    Proper Dih. Per. Imp. Dih.          LJ-14
    9.12284e+03    2.37578e+04    3.00147e+04    1.53716e+03    1.16199e+04
     Coulomb-14        LJ (SR)   Coulomb (SR)   Coul. recip. Position Rest.
    1.27751e+05    1.93449e+05   -1.89595e+06    1.21999e+04    3.10335e+03
      Potential    Kinetic En.   Total Energy  Conserved En.    Temperature
   -1.48339e+06    3.15585e+05   -1.16781e+06   -1.14562e+06    3.10572e+02
 Pressure (bar)   Constr. rmsd
   -6.65281e+01    3.36607e-06

           Step           Time
          10000       20.00000

   Energies (kJ/mol)
           Bond          Angle    Proper Dih. Per. Imp. Dih.          LJ-14
    9.28098e+03    2.38580e+04    2.99410e+04    1.41199e+03    1.15908e+04
     Coulomb-14        LJ (SR)   Coulomb (SR)   Coul. recip. Position Rest.
    1.28408e+05    1.91189e+05   -1.89409e+06    1.19946e+04    3.12521e+03
      Potential    Kinetic En.   Total Energy  Conserved En.    Temperature
   -1.48329e+06    3.14029e+05   -1.16926e+06   -1.14560e+06    3.09041e+02
 Pressure (bar)   Constr. rmsd
   -3.34287e+01    3.15961e-06

           Step           Time
          10500       21.00000

   Energies (kJ/mol)
           Bond          Angle    Proper Dih. Per. Imp. Dih.          LJ-14
    9.28516e+03    2.44742e+04    2.98838e+04    1.46189e+03    1.17234e+04
     Coulomb-14        LJ (SR)   Coulomb (SR)   Coul. recip. Position Rest.
    1.28348e+05    1.92472e+05   -1.89418e+06    1.18807e+04    3.09037e+03
      Potential    Kinetic En.   Total Energy  Conserved En.    Temperature
   -1.48156e+06    3.15656e+05   -1.16590e+06   -1.14583e+06    3.10643e+02
 Pressure (bar)   Constr. rmsd
    1.27099e+02    3.30442e-06

           Step           Time
          11000       22.00000

   Energies (kJ/mol)
           Bond          Angle    Proper Dih. Per. Imp. Dih.          LJ-14
    9.04167e+03    2.43789e+04    3.00502e+04    1.55648e+03    1.15744e+04
     Coulomb-14        LJ (SR)   Coulomb (SR)   Coul. recip. Position Rest.
    1.28271e+05    1.92542e+05   -1.89554e+06    1.21291e+04    3.04369e+03
      Potential    Kinetic En.   Total Energy  Conserved En.    Temperature
   -1.48296e+06    3.16242e+05   -1.16671e+06   -1.14560e+06    3.11219e+02
 Pressure (bar)   Constr. rmsd
   -1.66002e+01    3.22008e-06

           Step           Time
          11500       23.00000

   Energies (kJ/mol)
           Bond          Angle    Proper Dih. Per. Imp. Dih.          LJ-14
    9.01796e+03    2.45175e+04    2.97581e+04    1.52319e+03    1.18246e+04
     Coulomb-14        LJ (SR)   Coulomb (SR)   Coul. recip. Position Rest.
    1.28266e+05    1.92861e+05   -1.89379e+06    1.19847e+04    3.16502e+03
      Potential    Kinetic En.   Total Energy  Conserved En.    Temperature
   -1.48087e+06    3.15259e+05   -1.16561e+06   -1.14593e+06    3.10252e+02
 Pressure (bar)   Constr. rmsd
    1.99195e+02    3.36649e-06

           Step           Time
          12000       24.00000

   Energies (kJ/mol)
           Bond          Angle    Proper Dih. Per. Imp. Dih.          LJ-14
    9.03355e+03    2.40051e+04    2.99644e+04    1.43600e+03    1.16687e+04
     Coulomb-14        LJ (SR)   Coulomb (SR)   Coul. recip. Position Rest.
    1.27894e+05    1.92268e+05   -1.89621e+06    1.19381e+04    3.23566e+03
      Potential    Kinetic En.   Total Energy  Conserved En.    Temperature
   -1.48477e+06    3.12497e+05   -1.17227e+06   -1.14544e+06    3.07533e+02
 Pressure (bar)   Constr. rmsd
   -2.46962e+01    3.21418e-06

           Step           Time
          12500       25.00000

   Energies (kJ/mol)
           Bond          Angle    Proper Dih. Per. Imp. Dih.          LJ-14
    9.35232e+03    2.44609e+04    2.99400e+04    1.57169e+03    1.16119e+04
     Coulomb-14        LJ (SR)   Coulomb (SR)   Coul. recip. Position Rest.
    1.27773e+05    1.92700e+05   -1.89599e+06    1.21097e+04    3.09253e+03
      Potential    Kinetic En.   Total Energy  Conserved En.    Temperature
   -1.48338e+06    3.13469e+05   -1.16991e+06   -1.14538e+06    3.08490e+02
 Pressure (bar)   Constr. rmsd
   -3.25179e+01    3.35497e-06

           Step           Time
          13000       26.00000

   Energies (kJ/mol)
           Bond          Angle    Proper Dih. Per. Imp. Dih.          LJ-14
    9.45202e+03    2.36478e+04    2.99491e+04    1.55238e+03    1.17338e+04
     Coulomb-14        LJ (SR)   Coulomb (SR)   Coul. recip. Position Rest.
    1.28502e+05    1.91724e+05   -1.89366e+06    1.18506e+04    3.11676e+03
      Potential    Kinetic En.   Total Energy  Conserved En.    Temperature
   -1.48213e+06    3.15227e+05   -1.16690e+06   -1.14548e+06    3.10220e+02
 Pressure (bar)   Constr. rmsd
    2.58344e+01    3.43932e-06

           Step           Time
          13500       27.00000

   Energies (kJ/mol)
           Bond          Angle    Proper Dih. Per. Imp. Dih.          LJ-14
    9.02967e+03    2.43120e+04    2.98970e+04    1.46314e+03    1.17359e+04
     Coulomb-14        LJ (SR)   Coulomb (SR)   Coul. recip. Position Rest.
    1.28441e+05    1.92062e+05   -1.89352e+06    1.22146e+04    3.16562e+03
      Potential    Kinetic En.   Total Energy  Conserved En.    Temperature
   -1.48120e+06    3.15524e+05   -1.16568e+06   -1.14519e+06    3.10512e+02
 Pressure (bar)   Constr. rmsd
   -1.10293e+02    3.36234e-06

           Step           Time
          14000       28.00000

   Energies (kJ/mol)
           Bond          Angle    Proper Dih. Per. Imp. Dih.          LJ-14
    9.17890e+03    2.46233e+04    2.98971e+04    1.56725e+03    1.15477e+04
     Coulomb-14        LJ (SR)   Coulomb (SR)   Coul. recip. Position Rest.
    1.28038e+05    1.91111e+05   -1.89311e+06    1.19666e+04    3.10423e+03
      Potential    Kinetic En.   Total Energy  Conserved En.    Temperature
   -1.48207e+06    3.15644e+05   -1.16643e+06   -1.14531e+06    3.10631e+02
 Pressure (bar)   Constr. rmsd
    1.31335e+00    3.32235e-06

           Step           Time
          14500       29.00000

   Energies (kJ/mol)
           Bond          Angle    Proper Dih. Per. Imp. Dih.          LJ-14
    8.99038e+03    2.42123e+04    2.98703e+04    1.48605e+03    1.18255e+04
     Coulomb-14        LJ (SR)   Coulomb (SR)   Coul. recip. Position Rest.
    1.28340e+05    1.91107e+05   -1.89349e+06    1.18161e+04    3.14153e+03
      Potential    Kinetic En.   Total Energy  Conserved En.    Temperature
   -1.48270e+06    3.16016e+05   -1.16668e+06   -1.14513e+06    3.10997e+02
 Pressure (bar)   Constr. rmsd
   -1.16340e+02    3.37804e-06

           Step           Time
          15000       30.00000

   Energies (kJ/mol)
           Bond          Angle    Proper Dih. Per. Imp. Dih.          LJ-14
    9.23581e+03    2.45034e+04    2.96984e+04    1.45609e+03    1.17134e+04
     Coulomb-14        LJ (SR)   Coulomb (SR)   Coul. recip. Position Rest.
    1.28137e+05    1.91163e+05   -1.89389e+06    1.19146e+04    3.07407e+03
      Potential    Kinetic En.   Total Energy  Conserved En.    Temperature
   -1.48299e+06    3.15124e+05   -1.16787e+06   -1.14517e+06    3.10118e+02
 Pressure (bar)   Constr. rmsd
   -2.06664e+01    3.20211e-06

           Step           Time
          15500       31.00000

   Energies (kJ/mol)
           Bond          Angle    Proper Dih. Per. Imp. Dih.          LJ-14
    9.24853e+03    2.47023e+04    2.97513e+04    1.46953e+03    1.16237e+04
     Coulomb-14        LJ (SR)   Coulomb (SR)   Coul. recip. Position Rest.
    1.28428e+05    1.92293e+05   -1.89451e+06    1.20264e+04    3.15574e+03
      Potential    Kinetic En.   Total Energy  Conserved En.    Temperature
   -1.48181e+06    3.16142e+05   -1.16567e+06   -1.14510e+06    3.11121e+02
 Pressure (bar)   Constr. rmsd
   -5.09322e+01    3.30910e-06

           Step           Time
          16000       32.00000

   Energies (kJ/mol)
           Bond          Angle    Proper Dih. Per. Imp. Dih.          LJ-14
    9.39788e+03    2.39022e+04    2.99400e+04    1.48930e+03    1.15387e+04
     Coulomb-14        LJ (SR)   Coulomb (SR)   Coul. recip. Position Rest.
    1.27979e+05    1.90092e+05   -1.89177e+06    1.19430e+04    3.04614e+03
      Potential    Kinetic En.   Total Energy  Conserved En.    Temperature
   -1.48244e+06    3.15538e+05   -1.16691e+06   -1.14505e+06    3.10526e+02
 Pressure (bar)   Constr. rmsd
   -6.38370e+01    3.29822e-06

Writing checkpoint, step 16050 at Tue Oct 14 23:08:15 2025


           Step           Time
          16500       33.00000

   Energies (kJ/mol)
           Bond          Angle    Proper Dih. Per. Imp. Dih.          LJ-14
    9.22686e+03    2.45314e+04    2.98770e+04    1.50557e+03    1.17149e+04
     Coulomb-14        LJ (SR)   Coulomb (SR)   Coul. recip. Position Rest.
    1.28618e+05    1.89119e+05   -1.88974e+06    1.20213e+04    3.10837e+03
      Potential    Kinetic En.   Total Energy  Conserved En.    Temperature
   -1.48002e+06    3.14115e+05   -1.16590e+06   -1.14504e+06    3.09126e+02
 Pressure (bar)   Constr. rmsd
   -2.32693e+01    3.15177e-06

           Step           Time
          17000       34.00000

   Energies (kJ/mol)
           Bond          Angle    Proper Dih. Per. Imp. Dih.          LJ-14
    9.31571e+03    2.41807e+04    2.98195e+04    1.57601e+03    1.15169e+04
     Coulomb-14        LJ (SR)   Coulomb (SR)   Coul. recip. Position Rest.
    1.28117e+05    1.92743e+05   -1.89450e+06    1.18398e+04    3.24644e+03
      Potential    Kinetic En.   Total Energy  Conserved En.    Temperature
   -1.48214e+06    3.14087e+05   -1.16805e+06   -1.14500e+06    3.09099e+02
 Pressure (bar)   Constr. rmsd
   -4.20401e+01    3.27850e-06

           Step           Time
          17500       35.00000

   Energies (kJ/mol)
           Bond          Angle    Proper Dih. Per. Imp. Dih.          LJ-14
    8.99759e+03    2.43381e+04    2.97572e+04    1.51651e+03    1.17636e+04
     Coulomb-14        LJ (SR)   Coulomb (SR)   Coul. recip. Position Rest.
    1.28508e+05    1.92226e+05   -1.89715e+06    1.19344e+04    3.18988e+03
      Potential    Kinetic En.   Total Energy  Conserved En.    Temperature
   -1.48492e+06    3.13550e+05   -1.17137e+06   -1.14503e+06    3.08569e+02
 Pressure (bar)   Constr. rmsd
   -1.73107e+01    3.32982e-06

           Step           Time
          18000       36.00000

   Energies (kJ/mol)
           Bond          Angle    Proper Dih. Per. Imp. Dih.          LJ-14
    9.27810e+03    2.46665e+04    2.98035e+04    1.50038e+03    1.15386e+04
     Coulomb-14        LJ (SR)   Coulomb (SR)   Coul. recip. Position Rest.
    1.27957e+05    1.90796e+05   -1.89045e+06    1.19451e+04    3.19885e+03
      Potential    Kinetic En.   Total Energy  Conserved En.    Temperature
   -1.47977e+06    3.14340e+05   -1.16543e+06   -1.14462e+06    3.09347e+02
 Pressure (bar)   Constr. rmsd
   -1.85212e+02    3.33876e-06

           Step           Time
          18500       37.00000

   Energies (kJ/mol)
           Bond          Angle    Proper Dih. Per. Imp. Dih.          LJ-14
    9.29636e+03    2.38274e+04    2.97502e+04    1.56003e+03    1.16497e+04
     Coulomb-14        LJ (SR)   Coulomb (SR)   Coul. recip. Position Rest.
    1.28275e+05    1.92551e+05   -1.89537e+06    1.19395e+04    3.12341e+03
      Potential    Kinetic En.   Total Energy  Conserved En.    Temperature
   -1.48339e+06    3.13446e+05   -1.16995e+06   -1.14499e+06    3.08467e+02
 Pressure (bar)   Constr. rmsd
   -1.50098e+00    3.19450e-06

           Step           Time
          19000       38.00000

   Energies (kJ/mol)
           Bond          Angle    Proper Dih. Per. Imp. Dih.          LJ-14
    9.02312e+03    2.41157e+04    3.00020e+04    1.47588e+03    1.16908e+04
     Coulomb-14        LJ (SR)   Coulomb (SR)   Coul. recip. Position Rest.
    1.28397e+05    1.91150e+05   -1.89468e+06    1.20254e+04    3.12526e+03
      Potential    Kinetic En.   Total Energy  Conserved En.    Temperature
   -1.48367e+06    3.13516e+05   -1.17016e+06   -1.14496e+06    3.08536e+02
 Pressure (bar)   Constr. rmsd
    1.37103e+01    3.15017e-06

           Step           Time
          19500       39.00000

   Energies (kJ/mol)
           Bond          Angle    Proper Dih. Per. Imp. Dih.          LJ-14
    9.33481e+03    2.44710e+04    2.99507e+04    1.48158e+03    1.15930e+04
     Coulomb-14        LJ (SR)   Coulomb (SR)   Coul. recip. Position Rest.
    1.27871e+05    1.90030e+05   -1.89087e+06    1.19592e+04    3.04023e+03
      Potential    Kinetic En.   Total Energy  Conserved En.    Temperature
   -1.48114e+06    3.14279e+05   -1.16686e+06   -1.14464e+06    3.09287e+02
 Pressure (bar)   Constr. rmsd
   -9.80999e+01    3.27266e-06

           Step           Time
          20000       40.00000

   Energies (kJ/mol)
           Bond          Angle    Proper Dih. Per. Imp. Dih.          LJ-14
    9.17148e+03    2.39757e+04    3.00762e+04    1.49446e+03    1.16667e+04
     Coulomb-14        LJ (SR)   Coulomb (SR)   Coul. recip. Position Rest.
    1.27986e+05    1.94490e+05   -1.89735e+06    1.19053e+04    3.10208e+03
      Potential    Kinetic En.   Total Energy  Conserved En.    Temperature
   -1.48348e+06    3.14595e+05   -1.16888e+06   -1.14511e+06    3.09598e+02
 Pressure (bar)   Constr. rmsd
    1.55688e+02    3.51812e-06

           Step           Time
          20500       41.00000

   Energies (kJ/mol)
           Bond          Angle    Proper Dih. Per. Imp. Dih.          LJ-14
    9.21776e+03    2.45244e+04    2.99766e+04    1.40363e+03    1.17040e+04
     Coulomb-14        LJ (SR)   Coulomb (SR)   Coul. recip. Position Rest.
    1.28184e+05    1.91183e+05   -1.89364e+06    1.19449e+04    3.05714e+03
      Potential    Kinetic En.   Total Energy  Conserved En.    Temperature
   -1.48245e+06    3.14780e+05   -1.16767e+06   -1.14468e+06    3.09780e+02
 Pressure (bar)   Constr. rmsd
   -3.90894e+01    3.39027e-06

           Step           Time
          21000       42.00000

   Energies (kJ/mol)
           Bond          Angle    Proper Dih. Per. Imp. Dih.          LJ-14
    9.16353e+03    2.44582e+04    3.00385e+04    1.51625e+03    1.16978e+04
     Coulomb-14        LJ (SR)   Coulomb (SR)   Coul. recip. Position Rest.
    1.28336e+05    1.91959e+05   -1.89310e+06    1.19504e+04    3.10341e+03
      Potential    Kinetic En.   Total Energy  Conserved En.    Temperature
   -1.48088e+06    3.14893e+05   -1.16598e+06   -1.14479e+06    3.09892e+02
 Pressure (bar)   Constr. rmsd
    1.06112e+01    3.42492e-06

           Step           Time
          21500       43.00000

   Energies (kJ/mol)
           Bond          Angle    Proper Dih. Per. Imp. Dih.          LJ-14
    9.14368e+03    2.42197e+04    2.98369e+04    1.39701e+03    1.16787e+04
     Coulomb-14        LJ (SR)   Coulomb (SR)   Coul. recip. Position Rest.
    1.28060e+05    1.90958e+05   -1.89377e+06    1.18570e+04    3.16415e+03
      Potential    Kinetic En.   Total Energy  Conserved En.    Temperature
   -1.48346e+06    3.14814e+05   -1.16864e+06   -1.14481e+06    3.09814e+02
 Pressure (bar)   Constr. rmsd
    2.00933e+01    3.35359e-06

           Step           Time
          22000       44.00000

   Energies (kJ/mol)
           Bond          Angle    Proper Dih. Per. Imp. Dih.          LJ-14
    9.28046e+03    2.40928e+04    3.00038e+04    1.42859e+03    1.17364e+04
     Coulomb-14        LJ (SR)   Coulomb (SR)   Coul. recip. Position Rest.
    1.28406e+05    1.90305e+05   -1.89207e+06    1.17585e+04    3.10122e+03
      Potential    Kinetic En.   Total Energy  Conserved En.    Temperature
   -1.48196e+06    3.14042e+05   -1.16792e+06   -1.14433e+06    3.09054e+02
 Pressure (bar)   Constr. rmsd
   -2.01522e+02    3.35244e-06

           Step           Time
          22500       45.00000

   Energies (kJ/mol)
           Bond          Angle    Proper Dih. Per. Imp. Dih.          LJ-14
    9.22111e+03    2.43970e+04    3.00166e+04    1.50071e+03    1.16651e+04
     Coulomb-14        LJ (SR)   Coulomb (SR)   Coul. recip. Position Rest.
    1.28124e+05    1.91082e+05   -1.89345e+06    1.19613e+04    3.19507e+03
      Potential    Kinetic En.   Total Energy  Conserved En.    Temperature
   -1.48229e+06    3.15952e+05   -1.16633e+06   -1.14449e+06    3.10934e+02
 Pressure (bar)   Constr. rmsd
   -8.37488e+01    3.26876e-06

           Step           Time
          23000       46.00000

   Energies (kJ/mol)
           Bond          Angle    Proper Dih. Per. Imp. Dih.          LJ-14
    9.07042e+03    2.43149e+04    2.98193e+04    1.47171e+03    1.16449e+04
     Coulomb-14        LJ (SR)   Coulomb (SR)   Coul. recip. Position Rest.
    1.27954e+05    1.91791e+05   -1.89521e+06    1.19101e+04    3.19690e+03
      Potential    Kinetic En.   Total Energy  Conserved En.    Temperature
   -1.48404e+06    3.14845e+05   -1.16919e+06   -1.14446e+06    3.09845e+02
 Pressure (bar)   Constr. rmsd
   -9.24093e+01    3.31733e-06

           Step           Time
          23500       47.00000

   Energies (kJ/mol)
           Bond          Angle    Proper Dih. Per. Imp. Dih.          LJ-14
    9.16262e+03    2.42627e+04    2.99051e+04    1.47939e+03    1.15981e+04
     Coulomb-14        LJ (SR)   Coulomb (SR)   Coul. recip. Position Rest.
    1.28330e+05    1.91314e+05   -1.89321e+06    1.17186e+04    3.13510e+03
      Potential    Kinetic En.   Total Energy  Conserved En.    Temperature
   -1.48231e+06    3.15819e+05   -1.16649e+06   -1.14435e+06    3.10802e+02
 Pressure (bar)   Constr. rmsd
   -1.19756e+02    3.33138e-06

           Step           Time
          24000       48.00000

   Energies (kJ/mol)
           Bond          Angle    Proper Dih. Per. Imp. Dih.          LJ-14
    9.50275e+03    2.40863e+04    2.97427e+04    1.49573e+03    1.15979e+04
     Coulomb-14        LJ (SR)   Coulomb (SR)   Coul. recip. Position Rest.
    1.28149e+05    1.90236e+05   -1.89232e+06    1.18528e+04    3.10862e+03
      Potential    Kinetic En.   Total Energy  Conserved En.    Temperature
   -1.48254e+06    3.14200e+05   -1.16834e+06   -1.14429e+06    3.09209e+02
 Pressure (bar)   Constr. rmsd
   -1.08474e+02    3.20820e-06

           Step           Time
          24500       49.00000

   Energies (kJ/mol)
           Bond          Angle    Proper Dih. Per. Imp. Dih.          LJ-14
    9.13877e+03    2.44141e+04    2.98323e+04    1.51748e+03    1.17608e+04
     Coulomb-14        LJ (SR)   Coulomb (SR)   Coul. recip. Position Rest.
    1.28390e+05    1.91823e+05   -1.89197e+06    1.20195e+04    3.14476e+03
      Potential    Kinetic En.   Total Energy  Conserved En.    Temperature
   -1.47993e+06    3.14984e+05   -1.16494e+06   -1.14441e+06    3.09981e+02
 Pressure (bar)   Constr. rmsd
   -1.21134e+01    3.19770e-06

           Step           Time
          25000       50.00000

Writing checkpoint, step 25000 at Tue Oct 14 23:16:34 2025


   Energies (kJ/mol)
           Bond          Angle    Proper Dih. Per. Imp. Dih.          LJ-14
    8.90686e+03    2.41807e+04    2.98063e+04    1.45617e+03    1.17040e+04
     Coulomb-14        LJ (SR)   Coulomb (SR)   Coul. recip. Position Rest.
    1.28493e+05    1.92762e+05   -1.89642e+06    1.21045e+04    3.22349e+03
      Potential    Kinetic En.   Total Energy  Conserved En.    Temperature
   -1.48378e+06    3.14076e+05   -1.16970e+06   -1.14444e+06    3.09087e+02
 Pressure (bar)   Constr. rmsd
    1.79887e+01    3.24455e-06


Energy conservation over simulation part #1 of length 50 ps, time 0 to 50 ps
  Conserved energy drift: 1.07e-04 kJ/mol/ps per atom


	<======  ###############  ==>
	<====  A V E R A G E S  ====>
	<==  ###############  ======>

	Statistics over 25001 steps using 251 frames

   Energies (kJ/mol)
           Bond          Angle    Proper Dih. Per. Imp. Dih.          LJ-14
    9.23690e+03    2.43000e+04    2.99109e+04    1.49218e+03    1.16438e+04
     Coulomb-14        LJ (SR)   Coulomb (SR)   Coul. recip. Position Rest.
    1.28179e+05    1.91764e+05   -1.89356e+06    1.19685e+04    3.11790e+03
      Potential    Kinetic En.   Total Energy  Conserved En.    Temperature
   -1.48194e+06    3.15150e+05   -1.16679e+06   -1.14547e+06    3.10144e+02
 Pressure (bar)   Constr. rmsd
    2.85779e+00    0.00000e+00

          Box-X          Box-Y          Box-Z
    1.06667e+01    1.06667e+01    1.06667e+01

   Total Virial (kJ/mol)
    1.04938e+05    1.43472e+02   -8.13840e+02
    1.44426e+02    1.05137e+05   -2.72199e+02
   -8.14699e+02   -2.73740e+02    1.04767e+05

   Pressure (bar)
    3.18369e+00   -3.56646e+00    2.49728e+01
   -3.59255e+00   -4.95267e-01    6.97916e+00
    2.49963e+01    7.02135e+00    5.88494e+00

      T-Protein  T-non-Protein
    3.10284e+02    3.10125e+02


	M E G A - F L O P S   A C C O U N T I N G

 NB=Group-cutoff nonbonded kernels    NxN=N-by-N cluster Verlet kernels
 RF=Reaction-Field  VdW=Van der Waals  QSTab=quadratic-spline table
 W3=SPC/TIP3p  W4=TIP4p (single or pairs)
 V&F=Potential and force  V=Potential only  F=Force only

 Computing:                               M-Number         M-Flops  % Flops
-----------------------------------------------------------------------------
 Pair Search distance check           23427.631966      210848.688     0.3
 NxN QSTab Elec. + LJ [F]            784081.065216    32147323.674    50.0
 NxN QSTab Elec. + LJ [V&F]            7951.678096      469149.008     0.7
 NxN QSTab Elec. [F]                 633100.153984    21525405.235    33.5
 NxN QSTab Elec. [V&F]                 6420.336096      263233.780     0.4
 1,4 nonbonded interactions             764.705587       68823.503     0.1
 Calc Weights                          8942.757696      321939.277     0.5
 Spread Q Bspline                    190778.830848      381557.662     0.6
 Gather F Bspline                    190778.830848     1144672.985     1.8
 3D-FFT                              873927.955720     6991423.646    10.9
 Solve PME                              230.409216       14746.190     0.0
 Reset In Box                            59.616000         178.848     0.0
 CG-CoM                                  59.735232         179.206     0.0
 Bonds                                  153.181127        9037.686     0.0
 Angles                                 529.546181       88963.758     0.1
 Propers                                823.757949      188640.570     0.3
 Impropers                               63.277531       13161.726     0.0
 Pos. Restr.                            148.780951        7439.048     0.0
 Virial                                  29.938527         538.893     0.0
 Stop-CM                                 29.927232         299.272     0.0
 P-Coupling                              29.927232         179.563     0.0
 Calc-Ekin                              596.398464       16102.759     0.0
 Lincs                                  141.930677        8515.841     0.0
 Lincs-Mat                              924.036960        3696.148     0.0
 Constraint-V                          2973.693943       26763.245     0.0
 Constraint-Vir                          28.429766         682.314     0.0
 Settle                                 896.610863      331746.019     0.5
-----------------------------------------------------------------------------
 Total                                                64235248.545   100.0
-----------------------------------------------------------------------------


    D O M A I N   D E C O M P O S I T I O N   S T A T I S T I C S

 av. #atoms communicated per step for force:  2 x 0.0


      R E A L   C Y C L E   A N D   T I M E   A C C O U N T I N G

On 1 MPI rank, each using 4 OpenMP threads

 Activity:              Num   Num      Call    Wall time         Giga-Cycles
                        Ranks Threads  Count      (s)         total sum    %
--------------------------------------------------------------------------------
 Domain decomp.            1    4        500       6.852         74.333   0.5
 Neighbor search           1    4        501      31.512        341.840   2.3
 Force                     1    4      25001    1019.066      11054.832  72.8
 PME mesh                  1    4      25001     296.206       3213.247  21.2
 NB X/F buffer ops.        1    4      49501      13.792        149.613   1.0
 Write traj.               1    4         27       1.435         15.571   0.1
 Update                    1    4      25001      12.417        134.696   0.9
 Constraints               1    4      25001      17.380        188.541   1.2
 Rest                                              1.688         18.315   0.1
--------------------------------------------------------------------------------
 Total                                          1400.349      15190.988 100.0
--------------------------------------------------------------------------------
 Breakdown of PME mesh activities
--------------------------------------------------------------------------------
 PME spread                1    4      25001      81.210        880.965   5.8
 PME gather                1    4      25001      81.078        879.538   5.8
 PME 3D-FFT                1    4      50002     123.029       1334.621   8.8
 PME solve Elec            1    4      25001      10.411        112.935   0.7
--------------------------------------------------------------------------------

               Core t (s)   Wall t (s)        (%)
       Time:     5601.396     1400.349      400.0
                 (ns/day)    (hour/ns)
Performance:        3.085        7.779
Finished mdrun on rank 0 Tue Oct 14 23:16:34 2025

