           :-) GROMACS - gmx mdrun, 2023.3-Ubuntu_2023.3_1ubuntu3 (-:

Copyright 1991-2023 The GROMACS Authors.
GROMACS is free software; you can redistribute it and/or modify it
under the terms of the GNU Lesser General Public License
as published by the Free Software Foundation; either version 2.1
of the License, or (at your option) any later version.

                         Current GROMACS contributors:
       Mark Abraham           Andrey Alekseenko           Cathrine Bergh      
      Christian Blau            Eliane Briand             Mahesh Doijade      
    Stefan Fleischmann           Vytas Gapsys              Gaurav Garg        
      Sergey Gorelov         Gilles Gouaillardet            Alan Gray         
     M. Eric Irrgang         Farzaneh Jalalypour            Joe Jordan        
    Christoph Junghans        Prashanth Kanduri          Sebastian Keller     
     Carsten Kutzner           Justin A. Lemkul          Magnus Lundborg      
       Pascal Merz              Vedran Miletic            Dmitry Morozov      
       Szilard Pall             Roland Schulz             Michael Shirts      
     Alexey Shvetsov            Balint Soproni         David van der Spoel    
      Philip Turner             Carsten Uphoff           Alessandra Villa     
 Sebastian Wingbermuehle        Artem Zhmurov       

                         Previous GROMACS contributors:
        Emile Apol             Rossen Apostolov           James Barnett       
  Herman J.C. Berendsen          Par Bjelkmar           Viacheslav Bolnykh    
        Kevin Boyd            Aldert van Buuren          Carlo Camilloni      
     Rudi van Drunen            Anton Feenstra           Oliver Fleetwood     
     Gerrit Groenhof            Bert de Groot             Anca Hamuraru       
    Vincent Hindriksen          Victor Holanda           Aleksei Iupinov      
   Dimitrios Karkoulis           Peter Kasson             Sebastian Kehl      
        Jiri Kraus               Per Larsson              Viveca Lindahl      
      Erik Marklund           Pieter Meulenhoff           Teemu Murtola       
       Sander Pronk             Alfons Sijbers            Peter Tieleman      
       Jon Vincent             Teemu Virolainen         Christian Wennberg    
       Maarten Wolf       

                  Coordinated by the GROMACS project leaders:
                    Paul Bauer, Berk Hess, and Erik Lindahl

GROMACS:      gmx mdrun, version 2023.3-Ubuntu_2023.3_1ubuntu3
Executable:   /usr/bin/gmx
Data prefix:  /usr
Working dir:  /home/ibab/dockex
Process ID:   864798
Command line:
  gmx mdrun -deffnm nvt -nt 4

GROMACS version:    2023.3-Ubuntu_2023.3_1ubuntu3
Precision:          mixed
Memory model:       64 bit
MPI library:        thread_mpi
OpenMP support:     enabled (GMX_OPENMP_MAX_THREADS = 128)
GPU support:        disabled
SIMD instructions:  SSE4.1
CPU FFT library:    fftw-3.3.10-sse2-avx
GPU FFT library:    none
Multi-GPU FFT:      none
RDTSCP usage:       enabled
TNG support:        enabled
Hwloc support:      hwloc-2.8.0
Tracing support:    disabled
C compiler:         /usr/bin/cc GNU 13.2.0
C compiler flags:   -fexcess-precision=fast -funroll-all-loops -msse4.1 -Wno-missing-field-initializers -O3 -DNDEBUG
C++ compiler:       /usr/bin/c++ GNU 13.2.0
C++ compiler flags: -fexcess-precision=fast -funroll-all-loops -msse4.1 -Wno-missing-field-initializers -Wno-cast-function-type-strict SHELL:-fopenmp -O3 -DNDEBUG
BLAS library:       External - detected on the system
LAPACK library:     External - detected on the system


Running on 1 node with total 4 cores, 4 processing units
Hardware detected on host IBAB-MSc14-Comp011.ibab.ac.in:
  CPU info:
    Vendor: Intel
    Brand:  Intel(R) Core(TM) i5-6400 CPU @ 2.70GHz
    Family: 6   Model: 94   Stepping: 3
    Features: aes apic avx avx2 clfsh cmov cx8 cx16 f16c fma htt intel lahf mmx msr nonstop_tsc pcid pclmuldq pdcm pdpe1gb popcnt pse rdrnd rdtscp sse2 sse3 sse4.1 sse4.2 ssse3 tdt x2apic
  Hardware topology: Full, with devices
    Packages, cores, and logical processors:
    [indices refer to OS logical processors]
      Package  0: [   0] [   1] [   2] [   3]
    CPU limit set by OS: -1   Recommended max number of threads: 4
    Numa nodes:
      Node  0 (16720547840 bytes mem):   0   1   2   3
      Latency:
               0
         0  1.00
    Caches:
      L1: 32768 bytes, linesize 64 bytes, assoc. 8, shared 1 ways
      L2: 262144 bytes, linesize 64 bytes, assoc. 4, shared 1 ways
      L3: 6291456 bytes, linesize 64 bytes, assoc. 12, shared 4 ways
    PCI devices:
      0000:01:00.0  Id: 10de:128b  Class: 0x0300  Numa: 0
      0000:00:17.0  Id: 8086:a102  Class: 0x0106  Numa: 0
      0000:02:00.0  Id: 10ec:8168  Class: 0x0200  Numa: 0

Likely fastest SIMD instructions supported by all nodes: AVX2_256
SIMD instructions selected at compile time:              SSE4.1


++++ PLEASE READ AND CITE THE FOLLOWING REFERENCE ++++
M. J. Abraham, T. Murtola, R. Schulz, S. Páll, J. C. Smith, B. Hess, E.
Lindahl
GROMACS: High performance molecular simulations through multi-level
parallelism from laptops to supercomputers
SoftwareX 1 (2015) pp. 19-25
-------- -------- --- Thank You --- -------- --------


++++ PLEASE READ AND CITE THE FOLLOWING REFERENCE ++++
S. Páll, M. J. Abraham, C. Kutzner, B. Hess, E. Lindahl
Tackling Exascale Software Challenges in Molecular Dynamics Simulations with
GROMACS
In S. Markidis & E. Laure (Eds.), Solving Software Challenges for Exascale 8759 (2015) pp. 3-27
-------- -------- --- Thank You --- -------- --------


++++ PLEASE READ AND CITE THE FOLLOWING REFERENCE ++++
S. Pronk, S. Páll, R. Schulz, P. Larsson, P. Bjelkmar, R. Apostolov, M. R.
Shirts, J. C. Smith, P. M. Kasson, D. van der Spoel, B. Hess, and E. Lindahl
GROMACS 4.5: a high-throughput and highly parallel open source molecular
simulation toolkit
Bioinformatics 29 (2013) pp. 845-54
-------- -------- --- Thank You --- -------- --------


++++ PLEASE READ AND CITE THE FOLLOWING REFERENCE ++++
B. Hess and C. Kutzner and D. van der Spoel and E. Lindahl
GROMACS 4: Algorithms for highly efficient, load-balanced, and scalable
molecular simulation
J. Chem. Theory Comput. 4 (2008) pp. 435-447
-------- -------- --- Thank You --- -------- --------


++++ PLEASE READ AND CITE THE FOLLOWING REFERENCE ++++
D. van der Spoel, E. Lindahl, B. Hess, G. Groenhof, A. E. Mark and H. J. C.
Berendsen
GROMACS: Fast, Flexible and Free
J. Comp. Chem. 26 (2005) pp. 1701-1719
-------- -------- --- Thank You --- -------- --------


++++ PLEASE READ AND CITE THE FOLLOWING REFERENCE ++++
E. Lindahl and B. Hess and D. van der Spoel
GROMACS 3.0: A package for molecular simulation and trajectory analysis
J. Mol. Mod. 7 (2001) pp. 306-317
-------- -------- --- Thank You --- -------- --------


++++ PLEASE READ AND CITE THE FOLLOWING REFERENCE ++++
H. J. C. Berendsen, D. van der Spoel and R. van Drunen
GROMACS: A message-passing parallel molecular dynamics implementation
Comp. Phys. Comm. 91 (1995) pp. 43-56
-------- -------- --- Thank You --- -------- --------

Input Parameters:
   integrator                     = md
   tinit                          = 0
   dt                             = 0.002
   nsteps                         = 8000
   init-step                      = 0
   simulation-part                = 1
   mts                            = false
   comm-mode                      = Linear
   nstcomm                        = 100
   bd-fric                        = 0
   ld-seed                        = -1325409284
   emtol                          = 10
   emstep                         = 0.01
   niter                          = 20
   fcstep                         = 0
   nstcgsteep                     = 1000
   nbfgscorr                      = 10
   rtpi                           = 0.05
   nstxout                        = 1000
   nstvout                        = 1000
   nstfout                        = 0
   nstlog                         = 500
   nstcalcenergy                  = 100
   nstenergy                      = 500
   nstxout-compressed             = 0
   compressed-x-precision         = 1000
   cutoff-scheme                  = Verlet
   nstlist                        = 10
   pbc                            = xyz
   periodic-molecules             = false
   verlet-buffer-tolerance        = 0.005
   rlist                          = 1.106
   coulombtype                    = Cut-off
   coulomb-modifier               = Potential-shift
   rcoulomb-switch                = 0
   rcoulomb                       = 1
   epsilon-r                      = 1
   epsilon-rf                     = inf
   vdw-type                       = Cut-off
   vdw-modifier                   = Potential-shift
   rvdw-switch                    = 0
   rvdw                           = 1
   DispCorr                       = No
   table-extension                = 1
   fourierspacing                 = 0.12
   fourier-nx                     = 0
   fourier-ny                     = 0
   fourier-nz                     = 0
   pme-order                      = 4
   ewald-rtol                     = 1e-05
   ewald-rtol-lj                  = 0.001
   lj-pme-comb-rule               = Geometric
   ewald-geometry                 = 3d
   epsilon-surface                = 0
   ensemble-temperature-setting   = constant
   ensemble-temperature           = 310
   tcoupl                         = V-rescale
   nsttcouple                     = 10
   nh-chain-length                = 0
   print-nose-hoover-chain-variables = false
   pcoupl                         = No
   pcoupltype                     = Isotropic
   nstpcouple                     = -1
   tau-p                          = 1
   compressibility (3x3):
      compressibility[    0]={ 0.00000e+00,  0.00000e+00,  0.00000e+00}
      compressibility[    1]={ 0.00000e+00,  0.00000e+00,  0.00000e+00}
      compressibility[    2]={ 0.00000e+00,  0.00000e+00,  0.00000e+00}
   ref-p (3x3):
      ref-p[    0]={ 0.00000e+00,  0.00000e+00,  0.00000e+00}
      ref-p[    1]={ 0.00000e+00,  0.00000e+00,  0.00000e+00}
      ref-p[    2]={ 0.00000e+00,  0.00000e+00,  0.00000e+00}
   refcoord-scaling               = No
   posres-com (3):
      posres-com[0]= 0.00000e+00
      posres-com[1]= 0.00000e+00
      posres-com[2]= 0.00000e+00
   posres-comB (3):
      posres-comB[0]= 0.00000e+00
      posres-comB[1]= 0.00000e+00
      posres-comB[2]= 0.00000e+00
   QMMM                           = false
qm-opts:
   ngQM                           = 0
   constraint-algorithm           = Lincs
   continuation                   = false
   Shake-SOR                      = false
   shake-tol                      = 0.0001
   lincs-order                    = 4
   lincs-iter                     = 1
   lincs-warnangle                = 30
   nwall                          = 0
   wall-type                      = 9-3
   wall-r-linpot                  = -1
   wall-atomtype[0]               = -1
   wall-atomtype[1]               = -1
   wall-density[0]                = 0
   wall-density[1]                = 0
   wall-ewald-zfac                = 3
   pull                           = false
   awh                            = false
   rotation                       = false
   interactiveMD                  = false
   disre                          = No
   disre-weighting                = Conservative
   disre-mixed                    = false
   dr-fc                          = 1000
   dr-tau                         = 0
   nstdisreout                    = 100
   orire-fc                       = 0
   orire-tau                      = 0
   nstorireout                    = 100
   free-energy                    = no
   cos-acceleration               = 0
   deform (3x3):
      deform[    0]={ 0.00000e+00,  0.00000e+00,  0.00000e+00}
      deform[    1]={ 0.00000e+00,  0.00000e+00,  0.00000e+00}
      deform[    2]={ 0.00000e+00,  0.00000e+00,  0.00000e+00}
   simulated-tempering            = false
   swapcoords                     = no
   userint1                       = 0
   userint2                       = 0
   userint3                       = 0
   userint4                       = 0
   userreal1                      = 0
   userreal2                      = 0
   userreal3                      = 0
   userreal4                      = 0
   applied-forces:
     electric-field:
       x:
         E0                       = 0
         omega                    = 0
         t0                       = 0
         sigma                    = 0
       y:
         E0                       = 0
         omega                    = 0
         t0                       = 0
         sigma                    = 0
       z:
         E0                       = 0
         omega                    = 0
         t0                       = 0
         sigma                    = 0
     density-guided-simulation:
       active                     = false
       group                      = protein
       similarity-measure         = inner-product
       atom-spreading-weight      = unity
       force-constant             = 1e+09
       gaussian-transform-spreading-width = 0.2
       gaussian-transform-spreading-range-in-multiples-of-width = 4
       reference-density-filename = reference.mrc
       nst                        = 1
       normalize-densities        = true
       adaptive-force-scaling     = false
       adaptive-force-scaling-time-constant = 4
       shift-vector               = 
       transformation-matrix      = 
     qmmm-cp2k:
       active                     = false
       qmgroup                    = System
       qmmethod                   = PBE
       qmfilenames                = 
       qmcharge                   = 0
       qmmultiplicity             = 1
grpopts:
   nrdf:     29206.6      215220
   ref-t:         310         310
   tau-t:         0.1         0.1
annealing:          No          No
annealing-npoints:           0           0
   acc:	           0           0           0
   nfreeze:           N           N           N
   energygrp-flags[  0]: 0

Changing nstlist from 10 to 20, rlist from 1.106 to 1.231

When checking whether update groups are usable:
  Domain decomposition is not active, so there is no need for update groups
Using 1 MPI thread
Using 4 OpenMP threads 

System total charge: 0.000
Potential shift: LJ r^-12: -1.000e+00 r^-6: -1.000e+00, Coulomb -1e+00
Generated table with 1115 data points for 1-4 COUL.
Tabscale = 500 points/nm
Generated table with 1115 data points for 1-4 LJ6.
Tabscale = 500 points/nm
Generated table with 1115 data points for 1-4 LJ12.
Tabscale = 500 points/nm


Using SIMD 4x4 nonbonded short-range kernels

Using a dual 4x4 pair-list setup updated with dynamic pruning:
  outer list: updated every 20 steps, buffer 0.231 nm, rlist 1.231 nm
  inner list: updated every  4 steps, buffer 0.031 nm, rlist 1.031 nm
At tolerance 0.005 kJ/mol/ps per atom, equivalent classical 1x1 list would be:
  outer list: updated every 20 steps, buffer 0.278 nm, rlist 1.278 nm
  inner list: updated every  4 steps, buffer 0.039 nm, rlist 1.039 nm

The non-bonded pair calculation algorithm tolerates a few missing pair interactions close to the cut-off. This can lead to a systematic overestimation of the pressure due to missing LJ interactions. The error in the average pressure due to missing LJ interactions is at most 0.00 bar.
The pressure error can be controlled by setting the environment variable GMX_VERLET_BUFFER_PRESSURE_TOLERANCE to the allowed error in units of bar.

Using Lorentz-Berthelot Lennard-Jones combination rule
Removing pbc first time

Pinning threads with an auto-selected logical cpu stride of 1

Initializing LINear Constraint Solver

++++ PLEASE READ AND CITE THE FOLLOWING REFERENCE ++++
B. Hess and H. Bekker and H. J. C. Berendsen and J. G. E. M. Fraaije
LINCS: A Linear Constraint Solver for molecular simulations
J. Comp. Chem. 18 (1997) pp. 1463-1472
-------- -------- --- Thank You --- -------- --------

The number of constraints is 5677

++++ PLEASE READ AND CITE THE FOLLOWING REFERENCE ++++
S. Miyamoto and P. A. Kollman
SETTLE: An Analytical Version of the SHAKE and RATTLE Algorithms for Rigid
Water Models
J. Comp. Chem. 13 (1992) pp. 952-962
-------- -------- --- Thank You --- -------- --------


++++ PLEASE READ AND CITE THE FOLLOWING REFERENCE ++++
G. Bussi, D. Donadio and M. Parrinello
Canonical sampling through velocity rescaling
J. Chem. Phys. 126 (2007) pp. 014101
-------- -------- --- Thank You --- -------- --------

There are: 119232 Atoms

Constraining the starting coordinates (step 0)

Constraining the coordinates at t0-dt (step 0)
Center of mass motion removal mode is Linear
We have the following groups for center of mass motion removal:
  0:  rest
RMS relative constraint deviation after constraining: 1.31e-06
Initial temperature: 7.53014e-07 K

Started mdrun on rank 0 Tue Oct 14 22:40:55 2025

           Step           Time
              0        0.00000

   Energies (kJ/mol)
           Bond          Angle    Proper Dih. Per. Imp. Dih.          LJ-14
    1.54406e+03    6.77096e+03    2.68046e+04    4.13626e+02    1.05312e+04
     Coulomb-14        LJ (SR)   Coulomb (SR) Position Rest.      Potential
    1.28758e+05    2.41026e+05   -2.23758e+06    3.27116e-03   -1.82173e+06
    Kinetic En.   Total Energy  Conserved En.    Temperature Pressure (bar)
    1.06828e+03   -1.82067e+06   -1.82067e+06    1.05131e+00   -7.19680e+03
   Constr. rmsd
    1.39416e-06

           Step           Time
            500        1.00000

   Energies (kJ/mol)
           Bond          Angle    Proper Dih. Per. Imp. Dih.          LJ-14
    1.04279e+04    2.28491e+04    2.97382e+04    1.25593e+03    1.15751e+04
     Coulomb-14        LJ (SR)   Coulomb (SR) Position Rest.      Potential
    1.28180e+05    1.87271e+05   -2.23732e+06    3.61357e+03   -1.84242e+06
    Kinetic En.   Total Energy  Conserved En.    Temperature Pressure (bar)
    3.20747e+05   -1.52167e+06   -1.78899e+06    3.15652e+02   -1.94226e+03
   Constr. rmsd
    3.43016e-06

           Step           Time
           1000        2.00000

   Energies (kJ/mol)
           Bond          Angle    Proper Dih. Per. Imp. Dih.          LJ-14
    1.06947e+04    2.36846e+04    2.98738e+04    1.33247e+03    1.16403e+04
     Coulomb-14        LJ (SR)   Coulomb (SR) Position Rest.      Potential
    1.28017e+05    1.79106e+05   -2.25793e+06    3.68601e+03   -1.86990e+06
    Kinetic En.   Total Energy  Conserved En.    Temperature Pressure (bar)
    3.20438e+05   -1.54946e+06   -1.76466e+06    3.15349e+02   -2.60882e+03
   Constr. rmsd
    3.03400e-06

           Step           Time
           1500        3.00000

   Energies (kJ/mol)
           Bond          Angle    Proper Dih. Per. Imp. Dih.          LJ-14
    1.03542e+04    2.41996e+04    3.01194e+04    1.48465e+03    1.17290e+04
     Coulomb-14        LJ (SR)   Coulomb (SR) Position Rest.      Potential
    1.28262e+05    1.76557e+05   -2.26652e+06    3.54773e+03   -1.88026e+06
    Kinetic En.   Total Energy  Conserved En.    Temperature Pressure (bar)
    3.19947e+05   -1.56032e+06   -1.74074e+06    3.14865e+02   -2.43926e+03
   Constr. rmsd
    3.12445e-06

           Step           Time
           2000        4.00000

   Energies (kJ/mol)
           Bond          Angle    Proper Dih. Per. Imp. Dih.          LJ-14
    1.01299e+04    2.40749e+04    3.02796e+04    1.49566e+03    1.16397e+04
     Coulomb-14        LJ (SR)   Coulomb (SR) Position Rest.      Potential
    1.27642e+05    1.73390e+05   -2.27308e+06    3.65742e+03   -1.89077e+06
    Kinetic En.   Total Energy  Conserved En.    Temperature Pressure (bar)
    3.19059e+05   -1.57171e+06   -1.71623e+06    3.13991e+02   -2.75030e+03
   Constr. rmsd
    3.06318e-06

           Step           Time
           2500        5.00000

   Energies (kJ/mol)
           Bond          Angle    Proper Dih. Per. Imp. Dih.          LJ-14
    9.76373e+03    2.38996e+04    3.01531e+04    1.55896e+03    1.17391e+04
     Coulomb-14        LJ (SR)   Coulomb (SR) Position Rest.      Potential
    1.28056e+05    1.73502e+05   -2.27936e+06    3.65339e+03   -1.89704e+06
    Kinetic En.   Total Energy  Conserved En.    Temperature Pressure (bar)
    3.18107e+05   -1.57893e+06   -1.69260e+06    3.13055e+02   -2.37156e+03
   Constr. rmsd
    3.12004e-06

           Step           Time
           3000        6.00000

   Energies (kJ/mol)
           Bond          Angle    Proper Dih. Per. Imp. Dih.          LJ-14
    9.62156e+03    2.45614e+04    3.00280e+04    1.52947e+03    1.16304e+04
     Coulomb-14        LJ (SR)   Coulomb (SR) Position Rest.      Potential
    1.27855e+05    1.72709e+05   -2.28202e+06    3.75585e+03   -1.90033e+06
    Kinetic En.   Total Energy  Conserved En.    Temperature Pressure (bar)
    3.19808e+05   -1.58052e+06   -1.66921e+06    3.14729e+02   -2.45074e+03
   Constr. rmsd
    3.23000e-06

           Step           Time
           3500        7.00000

   Energies (kJ/mol)
           Bond          Angle    Proper Dih. Per. Imp. Dih.          LJ-14
    9.62409e+03    2.39980e+04    3.01566e+04    1.53672e+03    1.15637e+04
     Coulomb-14        LJ (SR)   Coulomb (SR) Position Rest.      Potential
    1.28324e+05    1.72102e+05   -2.28752e+06    3.82276e+03   -1.90639e+06
    Kinetic En.   Total Energy  Conserved En.    Temperature Pressure (bar)
    3.17925e+05   -1.58847e+06   -1.64548e+06    3.12875e+02   -2.80725e+03
   Constr. rmsd
    3.13005e-06

           Step           Time
           4000        8.00000

   Energies (kJ/mol)
           Bond          Angle    Proper Dih. Per. Imp. Dih.          LJ-14
    9.47268e+03    2.42218e+04    3.03009e+04    1.50923e+03    1.16907e+04
     Coulomb-14        LJ (SR)   Coulomb (SR) Position Rest.      Potential
    1.28095e+05    1.71084e+05   -2.28728e+06    3.74207e+03   -1.90716e+06
    Kinetic En.   Total Energy  Conserved En.    Temperature Pressure (bar)
    3.17349e+05   -1.58981e+06   -1.62119e+06    3.12309e+02   -2.74518e+03
   Constr. rmsd
    3.26167e-06

           Step           Time
           4500        9.00000

   Energies (kJ/mol)
           Bond          Angle    Proper Dih. Per. Imp. Dih.          LJ-14
    9.25420e+03    2.44829e+04    3.03617e+04    1.53201e+03    1.16809e+04
     Coulomb-14        LJ (SR)   Coulomb (SR) Position Rest.      Potential
    1.28175e+05    1.70499e+05   -2.28952e+06    3.78474e+03   -1.90975e+06
    Kinetic En.   Total Energy  Conserved En.    Temperature Pressure (bar)
    3.15704e+05   -1.59405e+06   -1.59707e+06    3.10690e+02   -2.24884e+03
   Constr. rmsd
    3.25833e-06

           Step           Time
           5000       10.00000

   Energies (kJ/mol)
           Bond          Angle    Proper Dih. Per. Imp. Dih.          LJ-14
    9.31941e+03    2.41750e+04    3.03234e+04    1.53134e+03    1.16442e+04
     Coulomb-14        LJ (SR)   Coulomb (SR) Position Rest.      Potential
    1.28150e+05    1.72286e+05   -2.29315e+06    3.65142e+03   -1.91207e+06
    Kinetic En.   Total Energy  Conserved En.    Temperature Pressure (bar)
    3.18517e+05   -1.59355e+06   -1.57307e+06    3.13458e+02   -2.72272e+03
   Constr. rmsd
    3.32295e-06

           Step           Time
           5500       11.00000

   Energies (kJ/mol)
           Bond          Angle    Proper Dih. Per. Imp. Dih.          LJ-14
    9.25938e+03    2.43389e+04    3.00604e+04    1.49847e+03    1.17481e+04
     Coulomb-14        LJ (SR)   Coulomb (SR) Position Rest.      Potential
    1.28231e+05    1.70504e+05   -2.29246e+06    3.76585e+03   -1.91306e+06
    Kinetic En.   Total Energy  Conserved En.    Temperature Pressure (bar)
    3.18015e+05   -1.59504e+06   -1.54885e+06    3.12964e+02   -2.70275e+03
   Constr. rmsd
    3.20900e-06

           Step           Time
           6000       12.00000

   Energies (kJ/mol)
           Bond          Angle    Proper Dih. Per. Imp. Dih.          LJ-14
    8.99231e+03    2.38814e+04    3.02117e+04    1.52185e+03    1.17460e+04
     Coulomb-14        LJ (SR)   Coulomb (SR) Position Rest.      Potential
    1.28725e+05    1.69935e+05   -2.29488e+06    3.72756e+03   -1.91614e+06
    Kinetic En.   Total Energy  Conserved En.    Temperature Pressure (bar)
    3.17204e+05   -1.59894e+06   -1.52481e+06    3.12166e+02   -3.34313e+03
   Constr. rmsd
    3.25205e-06

           Step           Time
           6500       13.00000

   Energies (kJ/mol)
           Bond          Angle    Proper Dih. Per. Imp. Dih.          LJ-14
    9.17137e+03    2.39616e+04    3.01957e+04    1.54760e+03    1.17143e+04
     Coulomb-14        LJ (SR)   Coulomb (SR) Position Rest.      Potential
    1.28371e+05    1.69681e+05   -2.29541e+06    3.55619e+03   -1.91721e+06
    Kinetic En.   Total Energy  Conserved En.    Temperature Pressure (bar)
    3.17085e+05   -1.60013e+06   -1.50045e+06    3.12049e+02   -3.17980e+03
   Constr. rmsd
    3.26635e-06

           Step           Time
           7000       14.00000

   Energies (kJ/mol)
           Bond          Angle    Proper Dih. Per. Imp. Dih.          LJ-14
    9.20168e+03    2.44277e+04    3.00427e+04    1.59388e+03    1.16394e+04
     Coulomb-14        LJ (SR)   Coulomb (SR) Position Rest.      Potential
    1.28148e+05    1.69002e+05   -2.29766e+06    3.73296e+03   -1.91987e+06
    Kinetic En.   Total Energy  Conserved En.    Temperature Pressure (bar)
    3.17246e+05   -1.60262e+06   -1.47570e+06    3.12207e+02   -2.90498e+03
   Constr. rmsd
    3.24417e-06

           Step           Time
           7500       15.00000

   Energies (kJ/mol)
           Bond          Angle    Proper Dih. Per. Imp. Dih.          LJ-14
    9.36126e+03    2.45606e+04    3.01512e+04    1.48164e+03    1.16998e+04
     Coulomb-14        LJ (SR)   Coulomb (SR) Position Rest.      Potential
    1.28087e+05    1.70074e+05   -2.29838e+06    3.69418e+03   -1.91927e+06
    Kinetic En.   Total Energy  Conserved En.    Temperature Pressure (bar)
    3.17718e+05   -1.60155e+06   -1.45158e+06    3.12672e+02   -3.04780e+03
   Constr. rmsd
    3.54216e-06

           Step           Time
           8000       16.00000

Writing checkpoint, step 8000 at Tue Oct 14 22:45:55 2025


   Energies (kJ/mol)
           Bond          Angle    Proper Dih. Per. Imp. Dih.          LJ-14
    9.01644e+03    2.44694e+04    3.02022e+04    1.54736e+03    1.17918e+04
     Coulomb-14        LJ (SR)   Coulomb (SR) Position Rest.      Potential
    1.28128e+05    1.70378e+05   -2.29981e+06    3.63170e+03   -1.92064e+06
    Kinetic En.   Total Energy  Conserved En.    Temperature Pressure (bar)
    3.17848e+05   -1.60279e+06   -1.42725e+06    3.12799e+02   -2.44386e+03
   Constr. rmsd
    3.19115e-06


Energy conservation over simulation part #1 of length 16 ps, time 0 to 16 ps
  Conserved energy drift: 2.06e-01 kJ/mol/ps per atom


	<======  ###############  ==>
	<====  A V E R A G E S  ====>
	<==  ###############  ======>

	Statistics over 8001 steps using 81 frames

   Energies (kJ/mol)
           Bond          Angle    Proper Dih. Per. Imp. Dih.          LJ-14
    9.46385e+03    2.38187e+04    3.00412e+04    1.47157e+03    1.16571e+04
     Coulomb-14        LJ (SR)   Coulomb (SR) Position Rest.      Potential
    1.28210e+05    1.75426e+05   -2.28189e+06    3.63670e+03   -1.89817e+06
    Kinetic En.   Total Energy  Conserved En.    Temperature Pressure (bar)
    3.13474e+05   -1.58469e+06   -1.62082e+06    3.08495e+02   -2.66507e+03
   Constr. rmsd
    0.00000e+00

   Total Virial (kJ/mol)
    2.02087e+05   -2.45178e+03    1.19518e+03
   -2.44947e+03    2.00515e+05   -7.00440e+02
    1.19495e+03   -7.04867e+02    2.02269e+05

   Pressure (bar)
   -2.67357e+03    6.38045e+01   -2.99263e+01
    6.37412e+01   -2.63258e+03    2.06695e+01
   -2.99200e+01    2.07909e+01   -2.68905e+03

      T-Protein  T-non-Protein
    3.04518e+02    3.09035e+02


	M E G A - F L O P S   A C C O U N T I N G

 NB=Group-cutoff nonbonded kernels    NxN=N-by-N cluster Verlet kernels
 RF=Reaction-Field  VdW=Van der Waals  QSTab=quadratic-spline table
 W3=SPC/TIP3p  W4=TIP4p (single or pairs)
 V&F=Potential and force  V=Potential only  F=Force only

 Computing:                               M-Number         M-Flops  % Flops
-----------------------------------------------------------------------------
 Pair Search distance check           22089.695424      198807.259     0.9
 NxN RF Elec. + LJ [F]               336620.673144    12791585.579    58.6
 NxN RF Elec. + LJ [V&F]               3442.529128      185896.573     0.9
 NxN RF Electrostatics [F]           268239.232856     8315416.219    38.1
 NxN RF Electrostatics [V&F]           2743.190776       98754.868     0.5
 1,4 nonbonded interactions             244.726587       22025.393     0.1
 Shift-X                                 47.812032         286.872     0.0
 Bonds                                   49.022127        2892.305     0.0
 Angles                                 169.469181       28470.822     0.1
 Propers                                263.624949       60370.113     0.3
 Impropers                               20.250531        4212.110     0.0
 Pos. Restr.                             47.613951        2380.698     0.0
 Virial                                   9.661437         173.906     0.0
 Stop-CM                                  9.777024          97.770     0.0
 Calc-Ekin                              191.009664        5157.261     0.0
 Lincs                                   45.433031        2725.982     0.0
 Lincs-Mat                              221.843160         887.373     0.0
 Constraint-V                           951.781886        8566.037     0.0
 Constraint-Vir                           9.174546         220.189     0.0
 Settle                                 287.011589      106194.288     0.5
-----------------------------------------------------------------------------
 Total                                                21835121.617   100.0
-----------------------------------------------------------------------------


      R E A L   C Y C L E   A N D   T I M E   A C C O U N T I N G

On 1 MPI rank, each using 4 OpenMP threads

 Activity:              Num   Num      Call    Wall time         Giga-Cycles
                        Ranks Threads  Count      (s)         total sum    %
--------------------------------------------------------------------------------
 Neighbor search           1    4        401      29.474        319.736   9.8
 Force                     1    4       8001     256.526       2782.792  85.4
 NB X/F buffer ops.        1    4      15601       4.458         48.365   1.5
 Write traj.               1    4          9       0.567          6.150   0.2
 Update                    1    4       8001       3.777         40.970   1.3
 Constraints               1    4       8003       4.834         52.436   1.6
 Rest                                              0.585          6.347   0.2
--------------------------------------------------------------------------------
 Total                                           300.221       3256.796 100.0
--------------------------------------------------------------------------------

               Core t (s)   Wall t (s)        (%)
       Time:     1200.883      300.221      400.0
                 (ns/day)    (hour/ns)
Performance:        4.605        5.212
Finished mdrun on rank 0 Tue Oct 14 22:45:55 2025

